
 Start         Length     Name                   Class
 0001:00000000 0008174CH .text                   CODE
 0002:00000000 00001A4CH .data                   DATA
 0002:00001A4C 00000B75H .bss                    BSS


Detailed map of segments

 0001:00000000 0000526C C=CODE     S=.text    G=(none)   M=System   ACBP=A9
 0001:0000526C 00000174 C=CODE     S=.text    G=(none)   M=SysInit  ACBP=A9
 0001:000053E0 00000BBC C=CODE     S=.text    G=(none)   M=Windows  ACBP=A9
 0001:00005F9C 00000038 C=CODE     S=.text    G=(none)   M=Messages ACBP=A9
 0001:00005FD4 000002D0 C=CODE     S=.text    G=(none)   M=SysConst ACBP=A9
 0001:000062A4 00005718 C=CODE     S=.text    G=(none)   M=SysUtils ACBP=A9
 0001:0000B9BC 00000040 C=CODE     S=.text    G=(none)   M=ActiveX  ACBP=A9
 0001:0000B9FC 00000408 C=CODE     S=.text    G=(none)   M=Consts   ACBP=A9
 0001:0000BE04 00000540 C=CODE     S=.text    G=(none)   M=TypInfo  ACBP=A9
 0001:0000C344 000078B3 C=CODE     S=.text    G=(none)   M=Classes  ACBP=A9
 0001:00013BF8 00009383 C=CODE     S=.text    G=(none)   M=Graphics ACBP=A9
 0001:0001CF7C 000001C4 C=CODE     S=.text    G=(none)   M=Contnrs  ACBP=A9
 0001:0001D140 00000198 C=CODE     S=.text    G=(none)   M=Commctrl ACBP=A9
 0001:0001D2D8 00000793 C=CODE     S=.text    G=(none)   M=MultiMon ACBP=A9
 0001:0001DA6C 00000038 C=CODE     S=.text    G=(none)   M=Imm      ACBP=A9
 0001:0001DAA4 00000040 C=CODE     S=.text    G=(none)   M=Math     ACBP=A9
 0001:0001DAE4 00000058 C=CODE     S=.text    G=(none)   M=WinSpool ACBP=A9
 0001:0001DB3C 0000109C C=CODE     S=.text    G=(none)   M=Printers ACBP=A9
 0001:0001EBD8 0000031F C=CODE     S=.text    G=(none)   M=FlatSB   ACBP=A9
 0001:0001EEF8 00009F54 C=CODE     S=.text    G=(none)   M=StdCtrls ACBP=A9
 0001:00028E4C 00000094 C=CODE     S=.text    G=(none)   M=Clipbrd  ACBP=A9
 0001:00028EE0 0000015C C=CODE     S=.text    G=(none)   M=StdActns ACBP=A9
 0001:0002903C 0000F5F8 C=CODE     S=.text    G=(none)   M=Controls ACBP=A9
 0001:00038634 00000E28 C=CODE     S=.text    G=(none)   M=ActnList ACBP=A9
 0001:0003945C 00001938 C=CODE     S=.text    G=(none)   M=ImgList  ACBP=A9
 0001:0003AD94 000061FB C=CODE     S=.text    G=(none)   M=Menus    ACBP=A9
 0001:00040F90 0000C157 C=CODE     S=.text    G=(none)   M=Forms    ACBP=A9
 0001:0004D0E8 00000040 C=CODE     S=.text    G=(none)   M=ShellAPI ACBP=A9
 0001:0004D128 00000038 C=CODE     S=.text    G=(none)   M=RegStr   ACBP=A9
 0001:0004D160 00000038 C=CODE     S=.text    G=(none)   M=WinInet  ACBP=A9
 0001:0004D198 00000038 C=CODE     S=.text    G=(none)   M=UrlMon   ACBP=A9
 0001:0004D1D0 00000038 C=CODE     S=.text    G=(none)   M=ShlObj   ACBP=A9
 0001:0004D208 00000058 C=CODE     S=.text    G=(none)   M=CommDlg  ACBP=A9
 0001:0004D260 000032CC C=CODE     S=.text    G=(none)   M=ExtCtrls ACBP=A9
 0001:0005052C 00000038 C=CODE     S=.text    G=(none)   M=Dlgs     ACBP=A9
 0001:00050564 000023A9 C=CODE     S=.text    G=(none)   M=Dialogs  ACBP=A9
 0001:00052910 00000038 C=CODE     S=.text    G=(none)   M=Mask     ACBP=A9
 0001:00052948 00000038 C=CODE     S=.text    G=(none)   M=Grids    ACBP=A9
 0001:00052980 00000038 C=CODE     S=.text    G=(none)   M=Outline  ACBP=A9
 0001:000529B8 00000038 C=CODE     S=.text    G=(none)   M=DirOutln ACBP=A9
 0001:000529F0 00000038 C=CODE     S=.text    G=(none)   M=RichEdit ACBP=A9
 0001:00052A28 00000038 C=CODE     S=.text    G=(none)   M=ToolWin  ACBP=A9
 0001:00052A60 00000090 C=CODE     S=.text    G=(none)   M=ComStrs  ACBP=A9
 0001:00052AF0 000065EC C=CODE     S=.text    G=(none)   M=ComCtrls ACBP=A9
 0001:000590DC 00000038 C=CODE     S=.text    G=(none)   M=Tabnotbk ACBP=A9
 0001:00059114 0000208D C=CODE     S=.text    G=(none)   M=Buttons  ACBP=A9
 0001:0005B1A4 00004154 C=CODE     S=.text    G=(none)   M=FileCtrl ACBP=A9
 0001:0005F2F8 000005D0 C=CODE     S=.text    G=(none)   M=TileImage ACBP=A9
 0001:0005F8C8 00000B30 C=CODE     S=.text    G=(none)   M=ALScrollingText ACBP=A9
 0001:000603F8 00000544 C=CODE     S=.text    G=(none)   M=LinkLabel ACBP=A9
 0001:0006093C 0000006F C=CODE     S=.text    G=(none)   M=ButtonWithColor ACBP=A9
 0001:000609AC 00000050 C=CODE     S=.text    G=(none)   M=jconsts  ACBP=A9
 0001:000609FC 00013840 C=CODE     S=.text    G=(none)   M=jpeg     ACBP=A9
 0001:0007423C 00000038 C=CODE     S=.text    G=(none)   M=HarmFade ACBP=A9
 0001:00074274 00000B1C C=CODE     S=.text    G=(none)   M=Unit2    ACBP=A9
 0001:00074D90 00000AA0 C=CODE     S=.text    G=(none)   M=Unit5    ACBP=A9
 0001:00075830 00000AE8 C=CODE     S=.text    G=(none)   M=Unit6    ACBP=A9
 0001:00076318 00001378 C=CODE     S=.text    G=(none)   M=Unit4    ACBP=A9
 0001:00077690 00000390 C=CODE     S=.text    G=(none)   M=Unit3    ACBP=A9
 0001:00077A20 00000F0C C=CODE     S=.text    G=(none)   M=Unit7    ACBP=A9
 0001:0007892C 0000067C C=CODE     S=.text    G=(none)   M=Unit8    ACBP=A9
 0001:00078FA8 00000300 C=CODE     S=.text    G=(none)   M=Unit9    ACBP=A9
 0001:000792A8 000002F0 C=CODE     S=.text    G=(none)   M=Unit10   ACBP=A9
 0001:00079598 00000398 C=CODE     S=.text    G=(none)   M=Unit11   ACBP=A9
 0001:00079930 000003AC C=CODE     S=.text    G=(none)   M=Unit12   ACBP=A9
 0001:00079CDC 00000038 C=CODE     S=.text    G=(none)   M=TrMemo   ACBP=A9
 0001:00079D14 000002F4 C=CODE     S=.text    G=(none)   M=Unit13   ACBP=A9
 0001:0007A008 00000544 C=CODE     S=.text    G=(none)   M=Unit14   ACBP=A9
 0001:0007A54C 000004AC C=CODE     S=.text    G=(none)   M=Unit15   ACBP=A9
 0001:0007A9F8 00006A50 C=CODE     S=.text    G=(none)   M=Unit1    ACBP=A9
 0001:00081448 00000304 C=CODE     S=.text    G=(none)   M=Cheater  ACBP=A9
 0002:00000000 000000A6 C=DATA     S=.data    G=DGROUP   M=System   ACBP=A9
 0002:000000A8 00000018 C=DATA     S=.data    G=DGROUP   M=SysInit  ACBP=A9
 0002:000000C0 0000022C C=DATA     S=.data    G=DGROUP   M=SysUtils ACBP=A9
 0002:000002EC 00000010 C=DATA     S=.data    G=DGROUP   M=TypInfo  ACBP=A9
 0002:000002FC 0000005C C=DATA     S=.data    G=DGROUP   M=Classes  ACBP=A9
 0002:00000358 000002BC C=DATA     S=.data    G=DGROUP   M=Graphics ACBP=A9
 0002:00000614 00000004 C=DATA     S=.data    G=DGROUP   M=Printers ACBP=A9
 0002:00000618 0000010C C=DATA     S=.data    G=DGROUP   M=StdCtrls ACBP=A9
 0002:00000724 0000012C C=DATA     S=.data    G=DGROUP   M=Controls ACBP=A9
 0002:00000850 00000020 C=DATA     S=.data    G=DGROUP   M=ImgList  ACBP=A9
 0002:00000870 000000EC C=DATA     S=.data    G=DGROUP   M=Menus    ACBP=A9
 0002:0000095C 0000013C C=DATA     S=.data    G=DGROUP   M=Forms    ACBP=A9
 0002:00000A98 00000014 C=DATA     S=.data    G=DGROUP   M=ExtCtrls ACBP=A9
 0002:00000AAC 00000120 C=DATA     S=.data    G=DGROUP   M=Dialogs  ACBP=A9
 0002:00000BCC 0000007D C=DATA     S=.data    G=DGROUP   M=ComCtrls ACBP=A9
 0002:00000C4C 00000088 C=DATA     S=.data    G=DGROUP   M=Buttons  ACBP=A9
 0002:00000CD4 0000000E C=DATA     S=.data    G=DGROUP   M=FileCtrl ACBP=A9
 0002:00000CE4 000008F8 C=DATA     S=.data    G=DGROUP   M=jpeg     ACBP=A9
 0002:00002000 000004CC C=BSS      S=.bss     G=DGROUP   M=System   ACBP=A9
 0002:000024CC 00000018 C=BSS      S=.bss     G=DGROUP   M=SysInit  ACBP=A9
 0002:000024E4 00000004 C=BSS      S=.bss     G=DGROUP   M=Windows  ACBP=A9
 0002:000024E8 00000004 C=BSS      S=.bss     G=DGROUP   M=Messages ACBP=A9
 0002:000024EC 00000004 C=BSS      S=.bss     G=DGROUP   M=SysConst ACBP=A9
 0002:000024F0 00000118 C=BSS      S=.bss     G=DGROUP   M=SysUtils ACBP=A9
 0002:00002608 00000004 C=BSS      S=.bss     G=DGROUP   M=ActiveX  ACBP=A9
 0002:0000260C 00000004 C=BSS      S=.bss     G=DGROUP   M=Consts   ACBP=A9
 0002:00002610 00000004 C=BSS      S=.bss     G=DGROUP   M=TypInfo  ACBP=A9
 0002:00002614 00000038 C=BSS      S=.bss     G=DGROUP   M=Classes  ACBP=A9
 0002:0000264C 00000060 C=BSS      S=.bss     G=DGROUP   M=Graphics ACBP=A9
 0002:000026AC 00000004 C=BSS      S=.bss     G=DGROUP   M=Contnrs  ACBP=A9
 0002:000026B0 0000000C C=BSS      S=.bss     G=DGROUP   M=Commctrl ACBP=A9
 0002:000026BC 00000031 C=BSS      S=.bss     G=DGROUP   M=MultiMon ACBP=A9
 0002:000026F0 00000004 C=BSS      S=.bss     G=DGROUP   M=Imm      ACBP=A9
 0002:000026F4 00000004 C=BSS      S=.bss     G=DGROUP   M=Math     ACBP=A9
 0002:000026F8 00000004 C=BSS      S=.bss     G=DGROUP   M=WinSpool ACBP=A9
 0002:000026FC 00000004 C=BSS      S=.bss     G=DGROUP   M=Printers ACBP=A9
 0002:00002700 00000034 C=BSS      S=.bss     G=DGROUP   M=FlatSB   ACBP=A9
 0002:00002734 00000004 C=BSS      S=.bss     G=DGROUP   M=StdCtrls ACBP=A9
 0002:00002738 0000000C C=BSS      S=.bss     G=DGROUP   M=Clipbrd  ACBP=A9
 0002:00002744 00000004 C=BSS      S=.bss     G=DGROUP   M=StdActns ACBP=A9
 0002:00002748 00000070 C=BSS      S=.bss     G=DGROUP   M=Controls ACBP=A9
 0002:000027B8 00000004 C=BSS      S=.bss     G=DGROUP   M=ActnList ACBP=A9
 0002:000027BC 00000004 C=BSS      S=.bss     G=DGROUP   M=ImgList  ACBP=A9
 0002:000027C0 00000010 C=BSS      S=.bss     G=DGROUP   M=Menus    ACBP=A9
 0002:000027D0 00000024 C=BSS      S=.bss     G=DGROUP   M=Forms    ACBP=A9
 0002:000027F4 00000004 C=BSS      S=.bss     G=DGROUP   M=ShellAPI ACBP=A9
 0002:000027F8 00000004 C=BSS      S=.bss     G=DGROUP   M=RegStr   ACBP=A9
 0002:000027FC 00000004 C=BSS      S=.bss     G=DGROUP   M=WinInet  ACBP=A9
 0002:00002800 00000004 C=BSS      S=.bss     G=DGROUP   M=UrlMon   ACBP=A9
 0002:00002804 00000004 C=BSS      S=.bss     G=DGROUP   M=ShlObj   ACBP=A9
 0002:00002808 00000004 C=BSS      S=.bss     G=DGROUP   M=CommDlg  ACBP=A9
 0002:0000280C 00000004 C=BSS      S=.bss     G=DGROUP   M=ExtCtrls ACBP=A9
 0002:00002810 00000004 C=BSS      S=.bss     G=DGROUP   M=Dlgs     ACBP=A9
 0002:00002814 00000010 C=BSS      S=.bss     G=DGROUP   M=Dialogs  ACBP=A9
 0002:00002824 00000004 C=BSS      S=.bss     G=DGROUP   M=Mask     ACBP=A9
 0002:00002828 00000004 C=BSS      S=.bss     G=DGROUP   M=Grids    ACBP=A9
 0002:0000282C 00000004 C=BSS      S=.bss     G=DGROUP   M=Outline  ACBP=A9
 0002:00002830 00000004 C=BSS      S=.bss     G=DGROUP   M=DirOutln ACBP=A9
 0002:00002834 00000004 C=BSS      S=.bss     G=DGROUP   M=RichEdit ACBP=A9
 0002:00002838 00000004 C=BSS      S=.bss     G=DGROUP   M=ToolWin  ACBP=A9
 0002:0000283C 00000004 C=BSS      S=.bss     G=DGROUP   M=ComStrs  ACBP=A9
 0002:00002840 0000000C C=BSS      S=.bss     G=DGROUP   M=ComCtrls ACBP=A9
 0002:0000284C 00000004 C=BSS      S=.bss     G=DGROUP   M=Tabnotbk ACBP=A9
 0002:00002850 00000030 C=BSS      S=.bss     G=DGROUP   M=Buttons  ACBP=A9
 0002:00002880 00000004 C=BSS      S=.bss     G=DGROUP   M=FileCtrl ACBP=A9
 0002:00002884 00000004 C=BSS      S=.bss     G=DGROUP   M=TileImage ACBP=A9
 0002:00002888 00000004 C=BSS      S=.bss     G=DGROUP   M=ALScrollingText ACBP=A9
 0002:0000288C 00000004 C=BSS      S=.bss     G=DGROUP   M=LinkLabel ACBP=A9
 0002:00002890 00000030 C=BSS      S=.bss     G=DGROUP   M=ButtonWithColor ACBP=A9
 0002:000028C0 00000004 C=BSS      S=.bss     G=DGROUP   M=jconsts  ACBP=A9
 0002:000028C4 00000004 C=BSS      S=.bss     G=DGROUP   M=jpeg     ACBP=A9
 0002:000028C8 00000004 C=BSS      S=.bss     G=DGROUP   M=HarmFade ACBP=A9
 0002:000028CC 000001D4 C=BSS      S=.bss     G=DGROUP   M=Unit2    ACBP=A9
 0002:00002AA0 00000008 C=BSS      S=.bss     G=DGROUP   M=Unit5    ACBP=A9
 0002:00002AA8 00000010 C=BSS      S=.bss     G=DGROUP   M=Unit6    ACBP=A9
 0002:00002AB8 00000008 C=BSS      S=.bss     G=DGROUP   M=Unit4    ACBP=A9
 0002:00002AC0 00000008 C=BSS      S=.bss     G=DGROUP   M=Unit3    ACBP=A9
 0002:00002AC8 00000008 C=BSS      S=.bss     G=DGROUP   M=Unit7    ACBP=A9
 0002:00002AD0 00000008 C=BSS      S=.bss     G=DGROUP   M=Unit8    ACBP=A9
 0002:00002AD8 00000008 C=BSS      S=.bss     G=DGROUP   M=Unit9    ACBP=A9
 0002:00002AE0 00000008 C=BSS      S=.bss     G=DGROUP   M=Unit10   ACBP=A9
 0002:00002AE8 00000008 C=BSS      S=.bss     G=DGROUP   M=Unit11   ACBP=A9
 0002:00002AF0 00000008 C=BSS      S=.bss     G=DGROUP   M=Unit12   ACBP=A9
 0002:00002AF8 00000004 C=BSS      S=.bss     G=DGROUP   M=TrMemo   ACBP=A9
 0002:00002AFC 00000008 C=BSS      S=.bss     G=DGROUP   M=Unit13   ACBP=A9
 0002:00002B04 00000008 C=BSS      S=.bss     G=DGROUP   M=Unit14   ACBP=A9
 0002:00002B0C 00000010 C=BSS      S=.bss     G=DGROUP   M=Unit15   ACBP=A9
 0002:00002B1C 00000058 C=BSS      S=.bss     G=DGROUP   M=Unit1    ACBP=A9


  Address         Publics by Name

 0001:000712B8       .
 0001:00070C30       .
 0001:00070400       .
 0001:00071BE0       .
 0001:0006FEC4       .
 0001:0006FD68       .
 0002:0000151C       .
 0001:00072160       .
 0001:0006F230       .
 0001:0006EA44       .
 0002:0000117C       .
 0001:0006DBB8       .
 0001:000735C8       .
 0001:0006DAA4       .
 0001:0006BE68       .
 0001:0006A3B0       .
 0002:00000F7C       .
 0001:0006A0C4       .
 0001:0000AF34       .
 0002:00000064       .
 0001:00069DD0       .
 0001:00068D34       .
 0001:000049E8       .
 0001:000045D4       .
 0001:0006254C       .
 0002:00000D60       .
 0001:000631AC       .
 0001:00063714       .
 0001:00063BD4       .
 0001:00064308       .
 0002:00000D70       .
 0001:000650D4       .
 0002:00000DF0       .
 0001:00065B64       .
 0001:00066150       .
 0001:000666FC       .
 0002:00000E70       .
 0001:00067354       .
 0001:0006865C       .
 0002:00002814       .01
 0002:00002744       .02
 0002:000028C0       .1
 0002:0000283C       .1
 0002:00002834       .1
 0002:00002810       .1
 0002:00002808       .1
 0002:00002804       .1
 0002:00002800       .1
 0002:000027FC       .1
 0002:000027F8       .1
 0002:000027F4       .1
 0002:000024EC       .1
 0002:000024DC       .1
 0002:00002720       .1
 0002:000026F0       .1
 0002:000026DC       .1
 0002:000026B0       .1
 0002:0000260C       .1
 0002:000024E8       .1
 0002:00002AE4       .2
 0002:00002ABC       .2
 0002:00002ACC       .2
 0002:00002890       .2
 0002:0000288C       .2
 0002:00002888       .2
 0002:00002830       .2
 0002:00002B00       .2
 0002:00002AB4       .2
 0002:000026F4       .2
 0002:00002AF4       .2
 0002:0000273C       .2
 0002:00002AEC       .2
 0002:00002AA4       .2
 0002:00002AD4       .2
 0002:00002B18       .2
 0002:00002B08       .2
 0002:00002A9C       .2
 0002:00002B70       .2
 0002:00002AC4       .2
 0002:00002ADC       .2
 0002:00002750       .22
 0002:00002734       .22
 0002:000028C8       .3
 0002:000028C4       .3
 0002:00002428       .3
 0002:000026F8       .3
 0002:00002850       .3
 0002:0000284C       .3
 0002:000026FC       .3
 0002:00002608       .3
 0002:000027BC       .3
 0002:000024E4       .3
 0002:00002838       .4
 0002:000025F8       .44
 0002:00002840       .45
 0002:00002880       .5
 0002:00002610       .5
 0002:000027D8       .51
 0002:0000282C       .6
 0002:00002824       .6
 0002:0000280C       .61
 0002:000027B8       .7
 0002:00002650       .81
 0002:0000261C       .84
 0002:000026AC       .9
 0002:00002828       .9
 0002:000027C8       .9
 0001:00001A1C       @AbstractError
 0001:00002200       @AfterConstruction
 0001:00004A31       @Append
 0001:00002038       @AsClass
 0001:000047D6       @Assign
 0001:00001B38       @AStrCmp
 0001:00002208       @BeforeDestruction
 0001:00002084       @CallDynaInst
 0001:00001828       @ChDir
 0001:000021A8       @ClassCreate
 0001:000021F8       @ClassDestroy
 0001:00004878       @Close
 0001:0000367C       @CopyArray
 0001:00003560       @CopyRecord
 0001:00003784       @Dispose
 0001:00002670       @DoneExcept
 0001:00003F04       @DynArrayAsg
 0001:00003EC8       @DynArrayClear
 0001:00003D08       @DynArrayHigh
 0001:00003D00       @DynArrayLength
 0001:00003EBC       @DynArraySetLength
 0001:00002764       @ExceptionHandler
 0001:00001BA8       @FillChar
 0001:00003554       @Finalize
 0001:0000346C       @FinalizeArray
 0001:00003440       @FinalizeRecord
 0001:0000209C       @FindDynaInst
 0001:00004851       @Flush
 0001:00001DE4       @FpuInit
 0001:00001D20       @FpuMaskInit
 0001:00001734       @FreeMem
 0001:0000171C       @GetMem
 0001:000052E4       @GetTls
 0001:00002B18       @Halt
 0001:000029F8       @Halt0
 0001:00002314       @HandleAnyException
 0001:000025C8       @HandleFinally
 0001:00002440       @HandleOnException
 0001:00005374       @InitExe
 0001:00003434       @Initialize
 0001:000033A0       @InitializeArray
 0001:00003374       @InitializeRecord
 0001:00002954       @InitImports
 0001:00002938       @InitResStringImports
 0001:00004530       @IntfAddRef
 0001:000044FC       @IntfClear
 0001:00004514       @IntfCopy
 0001:00002020       @IsClass
 0001:00001CF0       @isNECWindows
 0001:0006DA18       @jcopy_block_row
 0001:0006D9CC       @jcopy_sample_rows
 0001:000672C0       @jinit_1pass_quantizer
 0001:0006853C       @jinit_2pass_quantizer
 0001:0007106C       @jinit_color_converter
 0001:00066530       @jinit_color_deconverter
 0001:0006E994       @jinit_compress_master
 0001:00070B68       @jinit_c_coef_controller
 0001:0006FE40       @jinit_c_main_controller
 0001:0006FCA0       @jinit_c_master_control
 0001:00070358       @jinit_c_prep_controller
 0001:00071A58       @jinit_downsampler
 0001:00069CBC       @jinit_d_coef_controller
 0001:00068C54       @jinit_d_main_controller
 0001:0006A030       @jinit_d_post_controller
 0001:000720D0       @jinit_forward_dct
 0001:00065B24       @jinit_huff_decoder
 0001:00074108       @jinit_huff_encoder
 0001:000636CC       @jinit_input_controller
 0001:0006A334       @jinit_inverse_dct
 0001:0006D948       @jinit_marker_reader
 0001:0006F1E4       @jinit_marker_writer
 0001:000642D0       @jinit_master_decompress
 0001:0006307C       @jinit_memory_mgr
 0001:000660D0       @jinit_merged_upsampler
 0001:00065060       @jinit_phuff_decoder
 0001:00072C08       @jinit_phuff_encoder
 0001:0006A894       @jinit_upsampler
 0001:0006DA28       @jpeg_abort
 0001:0006DA8C       @jpeg_alloc_huff_table
 0001:0006DA74       @jpeg_alloc_quant_table
 0001:0007329C       @jpeg_fdct_float
 0001:00073030       @jpeg_fdct_ifast
 0001:00072C4C       @jpeg_fdct_islow
 0001:0006540C       @jpeg_fill_bit_buffer
 0001:00063180       @jpeg_free_large
 0001:00063170       @jpeg_free_small
 0001:00073E4C       @jpeg_gen_optimal_table
 0001:00063178       @jpeg_get_large
 0001:00063168       @jpeg_get_small
 0001:0006551C       @jpeg_huff_decode
 0001:0006BE2C       @jpeg_idct_1x1
 0001:0006BC50       @jpeg_idct_2x2
 0001:0006B8BC       @jpeg_idct_4x4
 0001:0006AAAC       @jpeg_idct_float
 0001:0006AEDC       @jpeg_idct_ifast
 0001:0006B2E8       @jpeg_idct_islow
 0001:00073794       @jpeg_make_c_derived_tbl
 0001:000651F4       @jpeg_make_d_derived_tbl
 0001:00063188       @jpeg_mem_available
 0001:000631A4       @jpeg_mem_init
 0001:000631A8       @jpeg_mem_term
 0001:00063194       @jpeg_open_backing_store
 0001:0006D81C       @jpeg_resync_to_restart
 0001:0006E7C8       @jpeg_suppress_tables
 0001:0006D9B4       @jround_up
 0001:00001844       @LGetDir
 0001:00002F64       @LStrAddRef
 0001:00002B54       @LStrArrayClr
 0001:00002B84       @LStrAsg
 0001:00002DB8       @LStrCat
 0001:00002DFC       @LStrCat3
 0001:00002E70       @LStrCatN
 0001:00002B30       @LStrClr
 0001:00002EC0       @LStrCmp
 0001:00002FB8       @LStrCopy
 0001:00002FF8       @LStrDelete
 0001:00002D60       @LStrFromArray
 0001:00002CD8       @LStrFromChar
 0001:00002CE8       @LStrFromPChar
 0001:00002C18       @LStrFromPCharLen
 0001:00002D18       @LStrFromPWChar
 0001:00002C48       @LStrFromPWCharLen
 0001:00002D54       @LStrFromString
 0001:00002D78       @LStrFromWStr
 0001:00003040       @LStrInsert
 0001:00002BC8       @LStrLAsg
 0001:00002DB0       @LStrLen
 0001:0000309C       @LStrPos
 0001:000030E4       @LStrSetLength
 0001:00002F74       @LStrToPChar
 0001:00002D8C       @LStrToString
 0001:00001948       @MkDir
 0001:00003770       @New
 0001:00002BF4       @NewAnsiString
 0001:00003318       @NewWideString
 0001:00004BB0       @Pow10
 0001:00001AB4       @PStrCmp
 0001:00001A68       @PStrCpy
 0001:00001A38       @PStrNCat
 0001:00001A84       @PStrNCpy
 0001:0000261C       @RaiseAgain
 0001:00002600       @RaiseExcept
 0001:00001BC8       @RandInt
 0001:000048B4       @ReadChar
 0001:00004933       @ReadCString
 0001:000049C0       @ReadLn
 0001:00003170       @ReadLString
 0001:00004928       @ReadString
 0001:0000174C       @ReallocMem
 0001:00004A23       @ResetText
 0001:00004A2A       @RewritText
 0001:000019F4       @ROUND
 0001:00002B24       @RunError
 0001:000018BC       @SGetDir
 0001:00002908       @StartExe
 0001:00001A00       @TRUNC
 0001:000026A0       @TryFinallyExit
 0001:00001BE0       @ValLong
 0001:00003CDC       @VarAddRef
 0001:00003B30       @VarCast
 0001:000038D8       @VarClear
 0001:00003CD4       @VarClr
 0001:0000391C       @VarCopy
 0001:00003C60       @VarFromLStr
 0001:00003CA0       @VarFromWStr
 0001:00003C24       @VarToLStr
 0001:00004B17       @Write0Char
 0001:00004B80       @Write0CString
 0001:00003148       @Write0LString
 0001:00004ADC       @Write0String
 0001:00004A38       @WriteBytes
 0001:00004B69       @WriteChar
 0001:00004B84       @WriteCString
 0001:00004B03       @WriteLn
 0001:00003150       @WriteLString
 0001:00004AA3       @WriteSpaces
 0001:00004AE6       @WriteString
 0001:0000320C       @WStrArrayClr
 0001:00003230       @WStrAsg
 0001:000031F4       @WStrClr
 0001:000032FC       @WStrFromLStr
 0001:00003254       @WStrFromPCharLen
 0001:000032D8       @WStrFromPWCharLen
 0001:0000330C       @WStrLen
 0001:00003330       @WStrSetLength
 0001:00001CC4       @_CLenToPasStr
 0001:00001CAC       @_CToPasStr
 0001:0000482C       @_Flush
 0001:000017EC       @_IOTest
 0001:00004ECA       @_lldiv
 0001:00004F42       @_lldivo
 0001:00004FBD       @_llmod
 0001:00005037       @_llmodo
 0001:00004E84       @_llmul
 0001:00004EA7       @_llmulo
 0001:000050B7       @_llshl
 0001:00004F74       @_lludiv
 0001:00005069       @_llumod
 0001:000050EF       @_llushr
 0001:0001DC48       AbortProc
 0001:0002B824       AbsMin
 0001:00009A48       AbstractErrorHandler
 0002:00002018       AbstractErrorProc
 0002:00000134       AccessMode
 0001:00005890       ActivateKeyboardLayout
 0002:00002778       ActiveDrag
 0001:0000B9F4       ActiveX
 0001:00039454       ActnList
 0001:00000454       AddBlockAfter
 0001:0005D00C       AddDrive
 0001:00006EB4       AddExitProc
 0001:000104F4       AddFinished
 0001:0003C89C       AddIn
 0001:00004338       AddModuleUnloadProc
 0001:00004348       AddModuleUnloadProc
 0001:0001052C       AddNotFinished
 0001:000177D0       AdjustColor
 0001:00050108       AdjustColors
 0001:000070F4       AdjustLineBreaks
 0001:00057E88       AdjustLineBreaks
 0001:00043D5C       Adjustment
 0001:00005898       AdjustWindowRectEx
 0002:00002B2C       AktStr
 0002:000006D0       Alignments
 0002:00000934       Alignments
 0002:00000944       Alignments
 0002:00000660       Alignments
 0002:000006C0       Alignments
 0002:00000620       Alignments
 0002:00000AA0       Alignments
 0002:00000C00       AlignStyles
 0001:0004A68C       AlignWork
 0001:00030758       AlignWork
 0001:00043788       AllocateHWnd
 0001:000518DC       AllocFilterStr
 0001:00006E68       AllocMem
 0002:00002420       AllocMemCount
 0002:00002424       AllocMemSize
 0001:0001CD74       AllocPatternBitmap
 0001:000603F0       ALScrollingText
 0002:0000072C       AnchorAlign
 0002:00002B40       ANOcudl
 0002:00002B5C       ANOcudlSK
 0001:0000A284       AnsiCompareFileName
 0001:00007028       AnsiCompareStr
 0001:00007060       AnsiCompareText
 0001:00007524       AnsiLastChar
 0001:000058A0       AnsiLower
 0001:00006FF4       AnsiLowerCase
 0001:0000A2EC       AnsiLowerCaseFileName
 0001:0000A24C       AnsiPos
 0001:00040DC4       AnsiSameCaption
 0001:00007098       AnsiSameText
 0001:000070D4       AnsiStrLIComp
 0001:0000A404       AnsiStrPos
 0001:0000A4A4       AnsiStrRScan
 0001:0000A4CC       AnsiStrScan
 0001:00006FC0       AnsiUpperCase
 0001:0000A378       AnsiUpperCaseFileName
 0001:000039B8       AnyChangeType
 0001:00008364       AppendChars
 0001:0000872C       AppendFormat
 0001:000083C8       AppendNumber
 0001:000083A8       AppendString
 0002:000027D0       Application
 0002:00000A90       AppVisible
 0001:00009A2C       AssertErrorHandler
 0002:00002014       AssertErrorProc
 0001:0000C060       AssignLongStr
 0001:0000C224       AssignVariant
 0001:0000C0B4       AssignWideStr
 0002:00000CD4       Attributes
 0002:00002474       avail
 0001:000076EC       BackfillGetDiskFreeSpaceEx
 0001:0002E124       BackgroundClipped
 0001:0000DC80       BeginGlobalLoading
 0001:000058A8       BeginPaint
 0001:000177DC       BetterSize
 0001:0004FA24       BevelLine
 0001:0004F934       BevelRect
 0001:0003D62C       BiDiDraw
 0001:00005628       BitBlt
 0002:00000C78       BitBtnCaptions
 0002:00002894       BitBtnGlyphs
 0002:00002854       BitBtnGlyphs
 0002:00000CA4       BitBtnModalResults
 0002:00000C4C       BitBtnResNames
 0002:000005C8       BitCounts
 0002:000005C0       BitmapCanvasList
 0002:00002668       BitmapImageLock
 0002:00000978       BlockCode
 0002:0000244C       blockDescBlockList
 0002:00002450       blockDescFreeList
 0002:000002EC       BooleanIdents
 0002:000009E8       BorderStyles
 0002:00000A98       BorderStyles
 0002:00000618       BorderStyles
 0001:0000D610       Bounds
 0002:000008DC       Breaks
 0002:000026A0       BrushManager
 0001:000616D0       BuildColorMap
 0001:0003FBB0       BuildImage
 0001:00061628       BuildPalette
 0002:00000BA0       ButtonCaptions
 0002:00000B74       ButtonNames
 0001:0005B17C       Buttons
 0002:00000958       Buttons
 0002:000006B8       ButtonStyles
 0001:00060990       ButtonWithColor
 0001:00016FBC       BytesPerScanline
 0001:00017314       ByteSwapColors
 0001:0000A04C       ByteToCharIndex
 0001:0000A024       ByteToCharLen
 0001:00009FE8       ByteType
 0001:00009F70       ByteTypeTest
 0002:000002F8       C10000
 0001:000436C4       CalcJmpOffset
 0001:00037A8C       CalcSplitterPos
 0001:000058B0       CallNextHookEx
 0001:0000A9E4       CallTerminateProcs
 0001:000058B8       CallWindowProc
 0002:00002B3C       CANCELcudl
 0002:00002B58       CANCELcudlSK
 0001:0002C79C       CancelDrag
 0002:00002788       CanvasList
 0002:000026A4       CanvasList
 0002:00000B60       Captions
 0002:000007E4       CaptureControl
 0002:0000087C       cBooleanToItemAutoFlag
 0001:00051224       CenterWindow
 0002:0000273A       CF_COMPONENT
 0002:00002738       CF_PICTURE
 0002:000023E8       ChangeAnyProc
 0001:0002AED0       ChangeBiDiModeAlignment
 0001:00003A24       ChangeSourceAny
 0002:00000640       CharCases
 0002:000006A4       CharCases
 0001:000058C0       CharLowerBuff
 0001:00000270       CharNext
 0001:0001545C       CharsetToIdent
 0001:0000A110       CharToByteIndex
 0001:0000A174       CharToByteLen
 0001:000058C8       CharUpperBuff
 0002:00002B28       ChData
 0001:000816B0       Cheater
 0001:00017DA4       CheckBool
 0001:00002290       CheckJmp
 0001:000058D0       CheckMenuItem
 0002:000008CC       Checks
 0001:000435D4       CheckTaskWindow
 0001:0002C4CC       CheckUndock
 0001:0004D218       ChooseFont
 0002:00002B34       ChStr
 0002:00000880       cItemAutoFlagToBoolean
 0002:00000878       cItemAutoFlagToMenu
 0002:00002624       ClassAliasList
 0001:00013B84       Classes
 0002:00002620       ClassList
 0001:0000D638       ClassNotFound
 0002:000023E4       ClearAnyProc
 0001:00014DD4       ClearColor
 0001:000058D8       ClientToScreen
 0001:000354B0       ClientToWindow
 0002:000005B8       ClipboardFormats
 0001:00028E88       Clipbrd
 0001:00000208       CloseHandle
 0001:000053F8       CloseHandle
 0001:0001DAE4       ClosePrinter
 0002:0000202C       CmdLine
 0002:00002028       CmdShow
 0002:00000874       cMenuAutoFlagToItem
 0002:00000388       Colors
 0001:00015254       ColorToIdent
 0001:00015244       ColorToRGB
 0002:00000690       ComboBoxStyles
 0002:000026B4       ComCtl32DLL
 0001:000590D4       ComCtrls
 0002:000027CC       CommandPool
 0001:0001D2D0       Commctrl
 0001:0004D258       CommDlg
 0001:00000734       Commit
 0002:00002490       committedRoot
 0001:0003BF0C       CompareFront
 0001:00006F28       CompareMem
 0001:00005400       CompareString
 0001:00006F48       CompareText
 0001:00010EB0       ComponentCreated
 0001:00017B74       ComputeAldusChecksum
 0001:00052AE8       ComStrs
 0001:0000BDFC       Consts
 0001:0001D138       Contnrs
 0002:00002756       ControlAtom
 0001:00038610       Controls
 0002:00000BE4       ConversionFormatList
 0001:000094E8       ConvertAddr
 0001:000084B8       ConvertEraString
 0001:00006DF0       ConvertError
 0001:00006E08       ConvertErrorFmt
 0001:00008624       ConvertYearString
 0001:00003D10       CopyArray
 0001:0001A0FC       CopyBitmap
 0001:0001A7BC       CopyBitmapAsMask
 0001:0005245C       CopyData
 0001:00005630       CopyEnhMetaFile
 0001:00005408       CopyFile
 0001:0005AFA4       CopyImage
 0001:0001A758       CopyPalette
 0001:0003ED4C       CopyToBest
 0001:0000A09C       CountChars
 0002:00002680       CounterLock
 0001:00009970       CreateAssertException
 0001:00009B08       CreateAVObject
 0001:00005638       CreateBitmap
 0001:00005640       CreateBrushIndirect
 0001:00005648       CreateCompatibleBitmap
 0001:00005650       CreateCompatibleDC
 0001:00010F30       CreateComponent
 0001:00005658       CreateDC
 0001:00005668       CreateDIBitmap
 0001:00005660       CreateDIBSection
 0001:00000288       CreateDirectory
 0001:00005410       CreateEvent
 0001:00005418       CreateFile
 0001:00000210       CreateFileA
 0001:00005670       CreateFontIndirect
 0001:00005678       CreateHalftonePalette
 0001:00005680       CreateIC
 0001:000058E0       CreateIcon
 0001:000098AC       CreateInOutError
 0001:000058E8       CreateMenu
 0001:00005688       CreatePalette
 0001:00005690       CreatePenIndirect
 0001:000058F0       CreatePopupMenu
 0001:00005698       CreateSolidBrush
 0001:0001736C       CreateSystemPalette
 0001:00005420       CreateThread
 0001:00005E38       CreateWindow
 0001:000058F8       CreateWindowEx
 0002:00000724       CreationControl
 0002:00000AB0       CreationControl
 0002:0000071C       CSHREDRAW
 0002:00000820       Ctl3DStyles
 0002:00002488       curAlloc
 0002:000024F8       CurrencyDecimals
 0002:000024F4       CurrencyFormat
 0002:000024F0       CurrencyString
 0002:00000A14       CursorMap
 0002:00000734       Cursors
 0001:0002B17C       CursorToIdent
 0001:0005C7B0       CutFirstDirectory
 0002:00000028       cwChop
 0001:00008338       Date
 0002:000024F9       DateSeparator
 0001:00008EA0       DateTimeToString
 0001:00007F98       DateTimeToTimeStamp
 0001:00008EFC       DateToStr
 0001:00008310       DayOfWeek
 0002:00000384       DDBsOnly
 0001:0004383C       DeallocateHWnd
 0002:00000008       DebugHook
 0002:000024F7       DecimalSeparator
 0001:000082F0       DecodeDate
 0001:00007FD8       DecodeTime
 0001:000007C8       Decommit
 0001:00000DE4       DecommitFree
 0002:00002464       decommittedRoot
 0001:0004B138       Default
 0001:00046190       Default
 0002:00000000       Default8087CW
 0002:00000728       DefaultDockTreeClass
 0002:00000588       DefBrushData
 0002:00000358       DefFontData
 0001:00005900       DefFrameProc
 0002:000001E4       DefLongDayNames
 0002:00000198       DefLongMonthNames
 0001:00005908       DefMDIChildProc
 0002:00000568       DefPenData
 0002:000001C8       DefShortDayNames
 0002:00000168       DefShortMonthNames
 0001:00005910       DefWindowProc
 0001:00000484       DeleteBlock
 0001:00005428       DeleteCriticalSection
 0001:000003F4       DeleteCriticalSection
 0001:000056A0       DeleteDC
 0001:000056A8       DeleteEnhMetaFile
 0001:00005430       DeleteFile
 0001:0000750C       DeleteFile
 0001:00000C2C       DeleteFree
 0001:00005918       DeleteMenu
 0001:000056B0       DeleteObject
 0001:00019CB8       DeselectBitmap
 0001:00005920       DestroyCursor
 0001:00005928       DestroyIcon
 0001:0006093C       DestroyLocals
 0001:0005B0AC       DestroyLocals
 0001:00005930       DestroyMenu
 0001:00005938       DestroyWindow
 0002:00000B48       Devices
 0001:000512BC       DialogHook
 0001:000528F4       Dialogs
 0002:000005C4       DIBPalSizes
 0002:00000054       dig
 0001:0005F29C       DirectoryExists
 0001:0005D778       DirLevel
 0001:000529E8       DirOutln
 0001:00043428       DisableTaskWindows
 0001:00005940       DispatchMessage
 0001:000494E4       DispatchShortCut
 0001:00006DD4       DivMod
 0001:0005055C       Dlgs
 0001:00030604       DoAlign
 0001:0004A540       DoAlign
 0001:00034480       DoCalcConstraints
 0002:00002780       DockSiteList
 0001:0003F8DC       DoClick
 0001:00031AD0       DoControlMsg
 0001:0001DAEC       DocumentProperties
 0001:000433D8       DoDisableWindow
 0001:0002BDF0       DoDragOver
 0001:00008070       DoEncodeDate
 0001:00006E88       DoExitProc
 0001:00035FEC       DoFindControlZone
 0001:00043514       DoFindWindow
 0001:00036550       DoFindZone
 0001:00036070       DoForEach
 0001:000378E4       DoGetNextLimit
 0001:000433A0       DoneApplication
 0001:0003843C       DoneControls
 0001:00009EAC       DoneExceptions
 0001:000479C4       DoNestedActivation
 0001:00030268       DoPosition
 0001:0004A390       DoPosition
 0001:00036F64       DoPrune
 0001:0004EF5C       DoRect
 0001:00037414       DoSaveZone
 0001:00037618       DoSetNewBounds
 0002:000002F4       DotSep
 0001:00018E04       DoWrite
 0001:0002EFB4       DoWrite
 0001:00017FFC       DoWrite
 0001:0003A820       DoWrite
 0001:0000EA4C       DoWrite
 0002:00002764       DragCapture
 0002:00002758       DragControl
 0001:0002C53C       DragDone
 0001:0002BDA0       DragFindTarget
 0001:0002BD74       DragFindWindow
 0002:00002760       DragFreeObject
 0002:0000277C       DragImageList
 0001:0002C194       DragInit
 0001:0002C304       DragInitControl
 0001:0002BCF8       DragMessage
 0002:0000275C       DragObject
 0002:00002770       DragSaveCursor
 0002:00002768       DragStartPos
 0002:00002774       DragThreshold
 0001:0002BEC0       DragTo
 0001:0004B174       DrawAppIcon
 0001:00036AC8       DrawCloseButton
 0001:00005948       DrawEdge
 0001:00005950       DrawFocusRect
 0001:00005958       DrawFrameControl
 0001:00036B20       DrawGrabberLine
 0001:00005960       DrawIcon
 0001:00005968       DrawIconEx
 0002:00000858       DrawingStyles
 0001:00005970       DrawMenuBar
 0001:00040BD4       DrawMenuItem
 0001:00005978       DrawText
 0001:00016E3C       DupBits
 0001:00003D28       DynArrayClear
 0001:00003D30       DynArraySetLength
 0002:0000093C       EdgeStyle
 0002:00000810       EdgeStyles
 0001:00009880       EHeapException.FreeInstance
 0001:000056B8       Ellipse
 0001:00060CB8       EmitMessage
 0002:0000065C       Empty
 0002:00000C34       Empty
 0002:00002410       EmptyParam
 0002:000000C0       EmptyStr
 0001:00005980       EnableMenuItem
 0002:000008D4       Enables
 0001:00005988       EnableScrollBar
 0001:000434DC       EnableTaskWindows
 0001:00005990       EnableWindow
 0001:00008138       EncodeDate
 0001:000056C0       EndDoc
 0001:0000DD10       EndGlobalLoading
 0001:000056C8       EndPage
 0001:00005998       EndPaint
 0001:000003E4       EnterCriticalSection
 0001:00005438       EnterCriticalSection
 0001:00005440       EnumCalendarInfoA
 0002:000026D8       EnumDisplayMonitors
 0001:00009134       EnumEraNames
 0001:00009170       EnumEraYearOffsets
 0001:00046610       EnumMonitorsProc
 0001:0001DAF4       EnumPrinters
 0001:000059A0       EnumThreadWindows
 0001:00010890       EnumValue
 0001:000059A8       EnumWindows
 0001:000059B0       EqualRect
 0002:000025BC       EraNames
 0002:000025D8       EraYearOffsets
 0002:0000004C       errCaption
 0001:0003BC5C       Error
 0001:00010178       Error
 0001:000017A8       Error
 0002:0000203C       ErrorAddr
 0001:0000992C       ErrorHandler
 0002:00000200       ErrorMap
 0002:00002004       ErrorProc
 0001:000094D0       ExceptAddr
 0002:00002008       ExceptClsProc
 0001:00009DD0       ExceptHandler
 0001:000096F4       Exception.Create
 0001:00009730       Exception.CreateFmt
 0001:000097B0       Exception.CreateRes
 0001:000097EC       Exception.CreateResFmt
 0002:00002010       ExceptionClass
 0001:000094F4       ExceptionErrorMessage
 0002:00000238       ExceptMap
 0001:000094B8       ExceptObject
 0002:0000200C       ExceptObjProc
 0002:00002000       ExceptProc
 0001:000056D0       ExcludeClipRect
 0002:00002034       ExitCode
 0001:000029C4       ExitDll
 0002:00002038       ExitProc
 0001:00000278       ExitProcess
 0002:00000130       ExitProcList
 0001:00051588       ExplorerHook
 0001:00050524       ExtCtrls
 0002:000006FC       ExtendSelects
 0001:000075D8       ExtractFileDrive
 0001:000076A4       ExtractFileExt
 0001:00051B58       ExtractFileName
 0001:0000766C       ExtractFileName
 0001:00051BA0       ExtractFileNames
 0001:000075A4       ExtractFilePath
 0001:000056D8       ExtTextOut
 0002:00002740       FClipboard
 0001:0001DBFC       FetchStr
 0001:00007378       FileAge
 0001:00007370       FileClose
 0001:000072E8       FileCreate
 0001:0005F2F0       FileCtrl
 0001:000073E0       FileExists
 0002:000005BC       FileFormats
 0002:00002046       FileMode
 0001:000072A8       FileOpen
 0001:0000730C       FileRead
 0002:000002FC       FilerSignature
 0001:00007364       FileSeek
 0001:000073F0       FileSetAttr
 0001:00005448       FileTimeToDosDateTime
 0001:00005450       FileTimeToLocalFileTime
 0001:00007338       FileWrite
 0001:00000D14       FillAfterGap
 0001:00000CC0       FillBeforeGap
 0001:00000DAC       FillerSizeAfterGap
 0001:00000D3C       FillerSizeBeforeGap
 0001:000059B8       FillRect
 0002:00002B20       filtr
 0001:0005052C       Finalization
 0001:000590DC       Finalization
 0001:0005905C       Finalization
 0001:000385BC       Finalization
 0001:0005F2C0       Finalization
 0001:0001DAAC       Finalization
 0001:000504F4       Finalization
 0001:0001DA6C       Finalization
 0001:00074D58       Finalization
 0001:0007A9AC       Finalization
 0001:0007A514       Finalization
 0001:0000BDCC       Finalization
 0001:0001DA2C       Finalization
 0001:0000B9C4       Finalization
 0001:0004D074       Finalization
 0001:0005F890       Finalization
 0001:0000B7FC       Finalization
 0001:000762E0       Finalization
 0001:0005B144       Finalization
 0001:00079FD0       Finalization
 0001:0004D0F0       Finalization
 0001:0004D128       Finalization
 0001:0001EEB8       Finalization
 0001:0000510C       Finalization
 0001:0004D228       Finalization
 0001:000779E8       Finalization
 0001:00079CDC       Finalization
 0001:00079CA4       Finalization
 0001:00077658       Finalization
 0001:0004D1D0       Finalization
 0001:0004D198       Finalization
 0001:0004D160       Finalization
 0001:0001DB04       Finalization
 0001:00039424       Finalization
 0001:0001D2A0       Finalization
 0001:00079270       Finalization
 0001:0000C2EC       Finalization
 0001:00078F70       Finalization
 0001:0003AD5C       Finalization
 0001:00052898       Finalization
 0001:00005F9C       Finalization
 0001:0007414C       Finalization
 0001:00013ACC       Finalization
 0001:00052910       Finalization
 0001:000609C4       Finalization
 0001:00052948       Finalization
 0001:00052980       Finalization
 0001:0001CDAC       Finalization
 0001:000529B8       Finalization
 0001:000529F0       Finalization
 0001:00052A28       Finalization
 0001:00040EC0       Finalization
 0001:00029004       Finalization
 0001:00052AB8       Finalization
 0001:000053A8       Finalization
 0001:00028E4C       Finalization
 0001:0001EB94       Finalization
 0001:00060958       Finalization
 0001:0001D108       Finalization
 0001:000757F8       Finalization
 0001:00079560       Finalization
 0001:0007423C       Finalization
 0001:00028E14       Finalization
 0001:000788F4       Finalization
 0001:00060904       Finalization
 0001:0008136C       Finalization
 0001:00005F64       Finalization
 0001:000603C0       Finalization
 0001:0000626C       Finalization
 0001:00081448       Finalization
 0001:000798F8       Finalization
 0001:00003D20       FinalizeArray
 0001:0003F6F0       Find
 0001:00003F80       FindBS
 0001:0000D754       FindClass
 0001:00003F54       FindClassHInstance
 0001:000074F0       FindClose
 0001:00005458       FindClose
 0001:00000290       FindClose
 0001:00000C90       FindCommitted
 0001:0002AF9C       FindControl
 0001:00036758       FindControlAtPos
 0001:0002C7E8       FindDragTarget
 0001:000110E0       FindExistingComponent
 0001:0000747C       FindFirst
 0001:00005460       FindFirstFile
 0001:00000298       FindFirstFile
 0001:00043620       FindGlobalComponent
 0002:00002618       FindGlobalComponent
 0001:00003F2C       FindHInstance
 0001:0000DAF4       FindIdentToInt
 0001:00007418       FindMatchingFile
 0002:0000281C       FindMsg
 0001:0001042C       FindNestedComponent
 0001:000074CC       FindNext
 0001:00005468       FindNextFile
 0001:0003BC24       FindPopupControl
 0001:00005470       FindResource
 0001:00003F5C       FindResourceHInstance
 0001:0004CA24       FindScanline
 0001:00043578       FindTopMostWindow
 0001:00011FB0       FindUniqueName
 0001:0002C7B4       FindVCLWindow
 0001:000059C0       FindWindow
 0001:00002848       FInitUnits
 0001:0001A0B0       FixupBitFields
 0002:0000094C       Flags
 0002:00002604       FLanguages
 0001:0001EEE8       FlatSB
 0002:00002700       FlatSB_EnableScrollBar
 0002:0000270C       FlatSB_GetScrollInfo
 0002:00002710       FlatSB_GetScrollPos
 0002:00002708       FlatSB_GetScrollRange
 0002:00002718       FlatSB_SetScrollInfo
 0002:00002714       FlatSB_SetScrollPos
 0001:0001EBD8       FlatSB_SetScrollProp
 0002:0000271C       FlatSB_SetScrollRange
 0002:00002704       FlatSB_ShowScrollBar
 0001:0000B4F9       FloatToDecimal
 0001:0000AF56       FloatToText
 0001:0000B226       FloatToTextFmt
 0002:0000015C       FMSecsPerDay
 0001:00007ED0       FmtStr
 0002:00000964       FocusCount
 0002:00000960       FocusMessages
 0002:000004D8       FontCharsets
 0002:00002820       FontDialog
 0001:00051EB8       FontDialogHook
 0002:00002698       FontManager
 0002:00000B08       FontOptions
 0002:00000AAC       ForceCurrentDirectory
 0001:000435F4       ForegroundTask
 0002:00002B1C       Form1
 0002:000028CC       Formabout
 0002:00002AB8       Formaktual
 0002:00000164       Format
 0001:00007EBC       Format
 0001:00007A5C       FormatBuf
 0001:00007A50       FormatClearStr
 0001:000079E4       FormatError
 0002:00000154       FormatErrorStrs
 0001:00060CC0       FormatMessage
 0001:00005478       FormatMessage
 0001:00007A3C       FormatVarToStr
 0002:00002AFC       Formdefinice
 0002:00002AC8       Formdotaz
 0002:00002AD0       Formfiltr
 0002:00002AE8       FormHEX
 0002:00002AA8       Formhledani
 0002:00002AC0       Formlicence
 0002:00002B0C       Formpoznamky
 0002:00002AF0       Formproblem
 0002:00002AA0       Formregistrace
 0001:0004D0C8       Forms
 0002:00002B04       Formsajty
 0002:00002AD8       Formslovnik
 0002:00002AE0       formwww
 0001:00004BB0       FPower10
 0002:00000614       FPrinter
 0001:0004F020       Frame3D
 0001:000059C8       FrameRect
 0001:0000ABD0       FreeAndNil
 0001:000009FC       FreeCommitted
 0001:00000F04       FreeCurAlloc
 0001:0002C8A8       FreeDeviceContext
 0001:0002C964       FreeDeviceContexts
 0001:00013A58       FreeIntConstList
 0001:00005480       FreeLibrary
 0001:000002A0       FreeLibrary
 0001:00019C0C       FreeMemoryContexts
 0001:00043764       FreeObjectInstance
 0001:00005488       FreeResource
 0001:0000067C       FreeSpace
 0001:0000AA00       FreeTerminateProcs
 0001:00012B14       FreeThreadWindow
 0002:00002848       FRichEditModule
 0001:00016E2C       GDICheck
 0001:00016D84       GDIError
 0001:000056E0       GdiFlush
 0001:000059D0       GetActiveWindow
 0001:0004AA14       GetAnimation
 0001:00059730       GetBitBtnGlyph
 0001:000056E8       GetBitmapBits
 0001:000003FC       GetBlockDesc
 0001:000056F0       GetBrushOrgEx
 0001:00005E08       GetBValue
 0001:000059D8       GetCapture
 0001:0002B224       GetCaptureControl
 0001:0000D6A4       GetClass
 0001:000059E0       GetClassInfo
 0001:000059E8       GetClientRect
 0001:000059F0       GetClipboardData
 0001:000188EC       GetClipboardFormats
 0001:000056F8       GetClipBox
 0001:00000398       GetCmdShow
 0001:00039640       GetColor
 0001:000002A8       GetCommandLine
 0001:00000848       GetCommitted
 0001:000008D8       GetCommittedAt
 0001:00031614       GetControlAtPos
 0001:00008414       GetCount
 0001:00005490       GetCPInfo
 0001:000002B0       GetCurrentDirectory
 0001:00005700       GetCurrentPositionEx
 0001:00005498       GetCurrentProcessId
 0001:000045CC       GetCurrentThreadId
 0001:000054A0       GetCurrentThreadId
 0001:00005D8C       GetCurrentTime
 0001:000059F8       GetCursor
 0001:0004CA34       GetCursorHeightMargin
 0001:00005A00       GetCursorPos
 0001:00008440       GetDate
 0001:000054A8       GetDateFormat
 0001:00005A08       GetDC
 0001:00005A10       GetDCEx
 0001:00005708       GetDCOrgEx
 0001:0001C9B8       GetDefFontCharSet
 0001:00005A18       GetDesktopWindow
 0001:00005720       GetDeviceCaps
 0001:00017D8C       GetDIB
 0001:00005710       GetDIBColorTable
 0001:00005718       GetDIBits
 0001:00017CD4       GetDIBSizes
 0001:00016F9C       GetDInColors
 0001:000054B0       GetDiskFreeSpaceA
 0002:0000012C       GetDiskFreeSpaceEx
 0001:00005A20       GetDlgItem
 0001:000379A4       GetDockAlign
 0001:0002BB4C       GetDockSiteAtPos
 0001:000054B8       GetDriveType
 0001:0002BE2C       GetDropCtl
 0001:00002054       GetDynaMethod
 0001:00005728       GetEnhMetaFileBits
 0001:00005730       GetEnhMetaFileHeader
 0001:00005738       GetEnhMetaFilePaletteEntries
 0001:0000BE3C       GetEnumNameValue
 0001:0000BE88       GetEnumValue
 0001:000091E8       GetEraNamesAndYearOffsets
 0001:00009AF4       GetExceptionClass
 0001:00009CD4       GetExceptionObject
 0001:0000D774       GetFieldClass
 0001:0000D62C       GetFieldClassTable
 0001:000054C0       GetFileAttributes
 0001:000188CC       GetFileFormats
 0001:00000228       GetFileSize
 0001:00000218       GetFileType
 0001:00005A28       GetFocus
 0001:0001547C       GetFontData
 0001:00005A30       GetForegroundWindow
 0001:0000A5C4       GetFormatSettings
 0001:00005E04       GetGValue
 0001:00014AD0       GetHashCode
 0001:0004A800       GetHint
 0001:0004A830       GetHintControl
 0001:00040D60       GetHotkey
 0001:00005A38       GetIconInfo
 0001:0005CEE8       GetItemHeight
 0001:00005A50       GetKeyboardLayout
 0001:00005A58       GetKeyboardLayoutList
 0001:00005A60       GetKeyboardState
 0001:00001CE8       GetKeyboardType
 0001:00005A40       GetKeyNameText
 0001:00005A48       GetKeyState
 0001:00005A68       GetLastActivePopup
 0001:000054C8       GetLastError
 0001:000002B8       GetLastError
 0001:00008FAC       GetLocaleChar
 0001:000054D8       GetLocaleInfo
 0001:000002C0       GetLocaleInfo
 0001:00008F60       GetLocaleStr
 0001:000054D0       GetLocalTime
 0001:000054E0       GetLogicalDrives
 0001:0002B1E0       GetLongHint
 0001:00005A70       GetMenu
 0001:00048330       GetMenuHelpContext
 0001:00005A78       GetMenuItemCount
 0001:00005A80       GetMenuItemID
 0001:00005A88       GetMenuItemInfo
 0001:0003E01C       GetMenuSize
 0001:00005A90       GetMenuState
 0001:00005A98       GetMenuString
 0001:000002C8       GetModuleFileName
 0001:000054E8       GetModuleFileName
 0001:0000526C       GetModuleFileName
 0001:000054F0       GetModuleHandle
 0001:000002D0       GetModuleHandle
 0001:00005274       GetModuleHandle
 0002:000026D4       GetMonitorInfo
 0002:000026CC       GetMonitorInfoA
 0002:000026D0       GetMonitorInfoW
 0001:00009010       GetMonthDayNames
 0001:00005AA0       GetNextWindow
 0001:00005740       GetObject
 0001:0004D208       GetOpenFileName
 0001:0000BF08       GetOrdProp
 0001:00005748       GetPaletteEntries
 0001:00005AA8       GetParent
 0001:000439B0       GetParentForm
 0001:00005750       GetPixel
 0001:000522E4       GetPrinter
 0001:000002D8       GetProcAddress
 0001:000054F8       GetProcAddress
 0001:00005500       GetProfileString
 0001:00005AB0       GetProp
 0001:0000BE9C       GetPropInfo
 0001:00043E70       GetRealScrollPosition
 0001:00039620       GetRGBColor
 0001:00005E00       GetRValue
 0001:0004D210       GetSaveFileName
 0001:00005AB8       GetScrollInfo
 0001:00005AC0       GetScrollPos
 0001:00005AC8       GetScrollRange
 0001:0002B19C       GetShortHint
 0001:000005A0       GetSpace
 0001:00000604       GetSpaceAt
 0001:0003BCB4       GetSpecialName
 0001:000002E0       GetStartupInfo
 0001:00000230       GetStdHandle
 0001:00005758       GetStockObject
 0001:00005AD0       GetSubMenu
 0001:00005AD8       GetSysColor
 0001:00005508       GetSystemInfo
 0001:00005AE0       GetSystemMenu
 0002:000026BC       GetSystemMetrics
 0001:00005AE8       GetSystemMetrics
 0001:00005760       GetSystemPaletteEntries
 0001:00000220       GetSystemTime
 0001:00005768       GetTextExtentPoint32
 0001:00005770       GetTextMetrics
 0001:000002E8       GetThreadLocale
 0001:00005510       GetThreadLocale
 0001:00005518       GetTickCount
 0001:00008478       GetTime
 0001:0004AF24       GetTopMostWindows
 0001:0002B32C       GetTopParent
 0001:00005AF0       GetTopWindow
 0001:0000BE30       GetTypeData
 0001:00005AF8       GetUpdateRect
 0001:00005520       GetVersion
 0001:00005528       GetVersionEx
 0001:00005530       GetVolumeInformation
 0001:00005B00       GetWindow
 0001:00005B08       GetWindowDC
 0001:00005B10       GetWindowLong
 0001:00005780       GetWindowOrgEx
 0001:00005B18       GetWindowPlacement
 0001:00005B20       GetWindowRect
 0001:00005B28       GetWindowText
 0001:00005B30       GetWindowThreadProcessId
 0001:00005778       GetWinMetaFileBits
 0001:00005538       GlobalAddAtom
 0001:00005540       GlobalAlloc
 0001:00005D98       GlobalAllocPtr
 0001:00005548       GlobalDeleteAtom
 0002:0000262C       GlobalFixupList
 0001:00010574       GlobalFixupReferences
 0001:00005550       GlobalFree
 0001:00005DC4       GlobalFreePtr
 0001:00005560       GlobalHandle
 0001:00005558       GlobalLock
 0002:00002614       GlobalNameSpace
 0001:00005568       GlobalReAlloc
 0001:00005DA8       GlobalReAllocPtr
 0001:00005570       GlobalSize
 0001:00005578       GlobalUnlock
 0002:00000CD0       GlyphCache
 0001:0001CE80       Graphics
 0001:00052978       Grids
 0001:000117A8       HandleException
 0001:0007426C       HarmFade
 0001:00024188       HasPopup
 0002:00000004       HeapAllocFlags
 0002:00002430       heapErrorCode
 0002:00002434       heapLock
 0002:00002818       HelpMsg
 0002:00000128       HexDisplayPrefix
 0002:00000C38       HideScrollBars
 0002:00000C40       HideSelections
 0002:0000064C       HideSelections
 0002:000024D8       HInstance
 0002:000027E8       HintDoneEvent
 0001:0004A900       HintGetMsgHook
 0002:000027EC       HintHook
 0001:0004A8A4       HintMouseThread
 0002:000027F0       HintThread
 0002:000027E4       HintThreadID
 0001:0004A850       HintTimerProc
 0002:0000095C       HintWindowClass
 0002:00002AB0       hledat
 0001:0004A944       HookHintHooks
 0001:00005E6C       HwndMSWheel
 0002:000008F0       IBreaks
 0002:000008FC       IChecks
 0002:00000904       IDefaults
 0001:0001546C       IdentToCharset
 0001:00015264       IdentToColor
 0001:0002B18C       IdentToCursor
 0001:0000DB78       IdentToInt
 0002:0000090C       IEnables
 0001:0003ED1C       IfHotkeyAvailable
 0001:0001D1F4       ImageList_Add
 0001:0001D214       ImageList_AddIcon
 0001:0001D240       ImageList_BeginDrag
 0001:0001D1DC       ImageList_Create
 0001:0001D1E4       ImageList_Destroy
 0001:0001D250       ImageList_DragEnter
 0001:0001D258       ImageList_DragLeave
 0001:0001D260       ImageList_DragMove
 0001:0001D270       ImageList_DragShowNolock
 0001:0001D220       ImageList_Draw
 0001:0001D230       ImageList_DrawEx
 0001:0001D248       ImageList_EndDrag
 0001:0001D20C       ImageList_GetBkColor
 0001:0001D278       ImageList_GetDragImage
 0001:0001D290       ImageList_GetIconSize
 0001:0001D1EC       ImageList_GetImageCount
 0001:0001D280       ImageList_Read
 0001:0001D238       ImageList_Remove
 0001:0001D228       ImageList_Replace
 0001:0001D1FC       ImageList_ReplaceIcon
 0001:0001D204       ImageList_SetBkColor
 0001:0001D268       ImageList_SetDragCursorImage
 0001:0001D298       ImageList_SetIconSize
 0001:0001D288       ImageList_Write
 0002:00000868       Images
 0001:0003AD8C       ImgList
 0001:0001DA9C       Imm
 0002:00000844       IMM32DLL
 0001:00038428       Imm32IsIME
 0002:00000160       IMSecsPerDay
 0001:00005B38       InflateRect
 0001:00000A88       InitAllocator
 0001:0001D2D8       InitAnApi
 0002:000026E4       InitApis
 0001:0001D148       InitComCtl
 0001:00054AA4       InitCommonControl
 0001:0001D140       InitCommonControls
 0001:0001D1A8       InitCommonControlsEx
 0001:0000DD84       InitComponent
 0002:000024A0       InitContext
 0001:000384B0       InitControls
 0001:000436A0       InitCtl3D
 0001:00060F90       InitDecompressor
 0001:00061FD8       InitDefaults
 0001:0001C9FC       InitDefFontData
 0001:0000AA20       InitDriveSpacePtr
 0001:00009DE0       InitExceptions
 0001:0001EC34       InitFlatSB
 0001:00052744       InitGlobals
 0001:00017B8C       InitializeBitmapInfoHeader
 0001:000003DC       InitializeCriticalSection
 0001:00005580       InitializeCriticalSection
 0002:0000242C       initialized
 0001:0001EC0C       InitializeFlatSB
 0001:00005328       InitializeModule
 0001:000380C8       InitIMM32
 0001:0000DE2C       InitInheritedComponent
 0001:0001D9C0       InitMultiMonStubs
 0001:00009F18       InitPlatformId
 0002:00002030       InitProc
 0001:0001C980       InitScreenLogPixels
 0001:0000A50C       InitSysLocale
 0001:00005294       InitThreadTLS
 0001:000028A8       InitUnits
 0001:0002AEE4       InitWndProc
 0002:000007F0       InnerStyles
 0001:0000181C       InOutError
 0002:0000204C       Input
 0001:0004A330       InsertBefore
 0001:00030208       InsertBefore
 0001:00000E7C       InsertFree
 0001:0003EDD0       InsertHotkeyFarEastFormat
 0001:00005B40       InsertMenu
 0001:00005B48       InsertMenuItem
 0002:000027DC       InstBlockList
 0002:000027E0       InstFreeList
 0002:00002628       IntConstList
 0002:00000704       IntegralHeights
 0001:00000390       InterlockedDecrement
 0001:00000388       InterlockedIncrement
 0001:000081AC       InternalDecodeDate
 0001:00014A5C       InternalDeletePalette
 0001:00000CF0       InternalFreeMem
 0001:00017CDC       InternalGetDIB
 0001:00017C70       InternalGetDIBSizes
 0001:0000DBFC       InternalReadComponentRes
 0001:00005788       IntersectClipRect
 0001:00005B50       IntersectRect
 0001:0000DBB8       IntToIdent
 0001:00007224       IntToStr
 0001:00005B58       InvalidateRect
 0001:00016D0C       InvalidBitmap
 0001:00016CF4       InvalidGraphic
 0001:00016D18       InvalidIcon
 0001:00016D24       InvalidMetafile
 0001:00016CDC       InvalidOperation
 0001:00060C2C       InvalidOperation
 0002:00002600       InvalidPointer
 0001:00001F0C       InvokeImplGetter
 0001:00001930       IOResult
 0002:0000092C       IOwnerDraw
 0002:00000914       IRadios
 0002:00000924       IRTL
 0001:00043940       IsAccel
 0001:0003FE90       IsAccelChar
 0001:0002B904       IsBeforeTargetWindow
 0001:00005B60       IsChild
 0002:00002044       IsConsole
 0001:0000A208       IsDelimiter
 0001:0002BD50       IsDelphiHandle
 0001:00005B68       IsDialogMessage
 0002:0000091C       ISeparators
 0001:0000B9BC       IsEqualIID
 0001:00005B70       IsIconic
 0001:0003FEEC       IsInitialChar
 0001:00008034       IsLeapYear
 0002:00002024       IsLibrary
 0002:00002045       IsMultiThread
 0001:0000A1D4       IsPathDelimiter
 0001:00005B78       IsRectEmpty
 0001:0002BB08       IsSiteChildOfClient
 0001:000071C0       IsValidIdent
 0001:00005B80       IsWindow
 0001:00005B88       IsWindowEnabled
 0001:00005B90       IsWindowVisible
 0001:00005B98       IsZoomed
 0001:0003C080       Iterate
 0001:0003C0E0       IterateMenus
 0002:00002B24       jazyk
 0001:000609F4       jconsts
 0002:0000000C       JITEnable
 0002:00002AAC       jo
 0001:0007418C       jpeg
 0002:00000CE4       JPEGDefaults
 0001:00060C44       JpegError
 0001:00063C64       jpeg_calc_output_dimensions
 0001:00062388       jpeg_consume_input
 0001:0006E700       jpeg_CreateCompress
 0001:00062018       jpeg_CreateDecompress
 0001:0006DA54       jpeg_destroy
 0001:000620E0       jpeg_destroy_decompress
 0001:0006E810       jpeg_finish_compress
 0001:0006249C       jpeg_finish_decompress
 0001:00063B4C       jpeg_finish_output
 0001:00062468       jpeg_has_multiple_scans
 0001:0006231C       jpeg_read_header
 0001:000639B0       jpeg_read_scanlines
 0001:0006DEDC       jpeg_set_colorspace
 0001:0006DD78       jpeg_set_defaults
 0001:0006DCB4       jpeg_set_quality
 0001:0006E344       jpeg_simple_progression
 0001:0006E528       jpeg_start_compress
 0001:0006382C       jpeg_start_decompress
 0001:00063AEC       jpeg_start_output
 0001:0006DB78       jpeg_stdio_dest
 0001:000637C0       jpeg_stdio_src
 0002:00000CEC       jpeg_std_error
 0001:0006E594       jpeg_write_scanlines
 0001:000438F4       KeyboardStateToShiftState
 0001:000438B8       KeyDataToShiftState
 0001:00043864       KeysToShiftState
 0001:00005BA0       KillTimer
 0001:00007554       LastDelimiter
 0002:00000108       LeadBytes
 0001:000003EC       LeaveCriticalSection
 0001:00005588       LeaveCriticalSection
 0002:00000014       LibModuleList
 0001:00005790       LineTo
 0001:00060934       LinkLabel
 0001:0002C830       ListAdd
 0001:0002C858       ListRemove
 0002:000025F4       ListSeparator
 0001:00005BA8       LoadBitmap
 0001:00005BB0       LoadCursor
 0001:00005BB8       LoadIcon
 0001:00005BC0       LoadKeyboardLayout
 0001:00005590       LoadLibrary
 0001:000002F0       LoadLibraryEx
 0001:00005598       LoadResource
 0001:0000413C       LoadResourceModule
 0001:000044A4       LoadResString
 0001:000002F8       LoadString
 0001:00005BC8       LoadString
 0001:0000527C       LocalAlloc
 0001:000003BC       LocalAlloc
 0001:000003C4       LocalFree
 0001:00008FD4       LocalGetLocaleStr
 0001:000055A0       LockResource
 0002:00002500       LongDateFormat
 0002:00002594       LongDayNames
 0002:00002548       LongMonthNames
 0002:00002514       LongTimeFormat
 0001:00005618       lstrcpy
 0001:00000300       lstrcpy
 0001:00000308       lstrcpyn
 0001:00000310       lstrlen
 0002:0000201C       MainInstance
 0002:00002020       MainThreadID
 0001:0000044C       MakeEmpty
 0001:00002974       MakeErrorMessage
 0002:00000830       MakeLast
 0001:00005D80       MakeLong
 0001:000436CC       MakeObjectInstance
 0001:00005DD8       MakeROP4
 0001:00009A74       MapException
 0001:000026C4       MapToRunError
 0001:00005BD0       MapVirtualKey
 0001:00005BD8       MapWindowPoints
 0001:00052940       Mask
 0002:00000850       Mask
 0001:00005798       MaskBlt
 0001:0001DADC       Math
 0001:0001DAA4       Max
 0001:000461DC       MaximizedChildren
 0002:0000001C       MemoryManager
 0002:00000884       MenuKeyCaps
 0001:00040F30       Menus
 0001:0000049C       MergeBlockAfter
 0001:00000F50       MergeCommit
 0001:00005BE0       MessageBox
 0001:00000280       MessageBox
 0001:00005FCC       Messages
 0001:000378DC       Min
 0001:0000E4E4       Min
 0001:0005C86C       MinimizeName
 0001:0002FB34       MinVar
 0002:000026EC       MMAvailable
 0002:00000848       ModeMap
 0001:00047D3C       ModifySystemMenu
 0002:000000A8       Module
 0002:000024CD       ModuleIsCpp
 0002:000024CC       ModuleIsLib
 0001:00013AC4       ModuleUnload
 0002:00000018       ModuleUnloadList
 0002:000026C8       MonitorFromPoint
 0002:000026C4       MonitorFromRect
 0002:000026C0       MonitorFromWindow
 0002:000000D8       MonthDays
 0002:00002748       Mouse
 0001:00001968       Move
 0001:000057A0       MoveToEx
 0001:0002C878       MoveWindowOrg
 0001:000055A8       MulDiv
 0001:00000318       MultiByteToWideChar
 0002:0000070C       MultiColumns
 0001:0001DA5C       MultiMon
 0002:000006F4       MultiSelects
 0002:00002B54       NAJITcudl
 0002:00002B6C       NAJITcudlSK
 0002:00002B44       NEcudl
 0002:00002B60       NEcudlSK
 0002:000024F5       NegCurrFormat
 0001:0005CB50       NetworkVolume
 0001:00000FDC       NewCommit
 0001:00001008       NewCommitAt
 0002:0000274C       NewStyleControls
 0002:00000300       NilMethod
 0002:00000010       NoErrMsg
 0001:0003CDAC       NormalDraw
 0001:0000227C       NotifyAnyExcept
 0001:00002254       NotifyExcept
 0001:000022B0       NotifyExceptFinally
 0001:0000DCE0       NotifyGlobalLoading
 0001:000043C8       NotifyModuleUnload
 0001:00002234       NotifyNonDelphiException
 0001:00002268       NotifyOnExcept
 0001:00002218       NotifyReRaise
 0001:000022D8       NotifyTerminate
 0001:000022F4       NotifyUnhandled
 0002:00002B30       NStr
 0001:0003F8CC       NthParentOf
 0002:00002400       Null
 0002:00000654       OEMConverts
 0001:00005BE8       OemToAnsi
 0001:00005BF0       OffsetRect
 0002:00002B38       OKcudl
 0002:00002B50       OKGLYPHcudl
 0001:00003820       OleStrToStrVar
 0002:00000AB8       OpenOptions
 0001:0001DAFC       OpenPrinter
 0002:00000828       OrientArray
 0002:00000800       OuterStyles
 0001:000529B0       Outline
 0002:000025FC       OutOfMemory
 0001:00016D30       OutOfResources
 0002:00002218       Output
 0001:00060CBC       OutputMessage
 0002:00000C48       Painting
 0001:000289C4       PaintListBox
 0002:000005D4       Pal16
 0001:00014E40       PaletteChanged
 0001:0001751C       PaletteFromDIBColorTable
 0001:000175C0       PaletteToDIBColorTable
 0002:000005D0       PalSize
 0001:00035C94       ParentNotLast
 0002:00000630       Passwords
 0001:000057A8       PatBlt
 0002:000026A8       PatternManager
 0001:00005BF8       PeekMessage
 0002:0000269C       PenManager
 0002:00000598       PenModes
 0002:00000578       PenStyles
 0001:000057B0       PlayEnhMetaFile
 0001:0000D5DC       Point
 0001:00005E20       PointToSmallPoint
 0001:000057B8       Polyline
 0002:000027C0       PopupList
 0001:00005C00       PostMessage
 0001:00005C08       PostQuitMessage
 0002:00002B10       pridat
 0001:0004D220       PrintDlg
 0001:0001EB74       Printer
 0001:0001EBD0       Printers
 0002:00000B54       PrintRanges
 0001:000492E4       ProcessExecute
 0001:00043B70       ProcessHorz
 0001:0005CC30       ProcessPath
 0001:000493E4       ProcessUpdate
 0001:00043BDC       ProcessVert
 0001:00060E78       ProgressCallback
 0001:00010884       PropertyNotFound
 0001:000118A8       PropPathError
 0002:000009B4       Props
 0001:00010878       PropValueError
 0001:00005C10       PtInRect
 0002:00002784       QualifyingSites
 0001:00009A1C       RaiseAssertException
 0001:0001DC30       RaiseError
 0001:00000238       RaiseException
 0001:0000A93C       RaiseLastWin32Error
 0001:0000179C       RaiseList
 0001:000019A8       Randomize
 0002:00002040       RandSeed
 0001:00036878       ReadControlName
 0001:00010860       ReadError
 0001:00000240       ReadFile
 0001:000055B0       ReadFile
 0001:0001786C       ReadIcon
 0002:00000638       ReadOnlys
 0001:00011B20       ReadVariantProp
 0001:000057C0       RealizePalette
 0001:00010ED0       Recover
 0001:0000D5F4       Rect
 0001:000057D0       Rectangle
 0001:000057C8       RectVisible
 0001:00005C18       RedrawWindow
 0002:000023EC       RefAnyProc
 0001:000053E0       RegCloseKey
 0001:00000320       RegCloseKey
 0001:0000D840       RegisterClass
 0001:00005C20       RegisterClass
 0001:0000D93C       RegisterClasses
 0001:00005C28       RegisterClipboardFormat
 0001:0002BC98       RegisterDockSite
 0001:0000DAC8       RegisterIntegerConsts
 0001:00004424       RegisterModule
 0001:00005C30       RegisterWindowMessage
 0001:000053E8       RegOpenKeyEx
 0001:00000328       RegOpenKeyEx
 0001:00000330       RegQueryValueEx
 0001:000053F0       RegQueryValueEx
 0001:0004D158       RegStr
 0001:00005C38       ReleaseCapture
 0001:00060F6C       ReleaseContext
 0001:00005C40       ReleaseDC
 0002:00002484       remBytes
 0001:00000510       RemoveBlock
 0001:00010730       RemoveFixupReferences
 0001:000107DC       RemoveFixups
 0001:00010AB4       RemoveGlobalFixup
 0001:00005C48       RemoveMenu
 0001:00004368       RemoveModuleUnloadProc
 0001:00004340       RemoveModuleUnloadProc
 0001:00005C50       RemoveProp
 0001:00060CC4       ResetErrorMgr
 0001:00001488       ResizeInPlace
 0001:000057D8       RestoreDC
 0001:0000EBAC       ReturnAddr
 0001:0003BC54       ReturnAddr
 0001:0000DFBC       ReturnAddr
 0001:00005DE4       RGB
 0001:0001729C       RGBQuadToTriple
 0001:00017264       RGBTripleToQuad
 0001:00052A20       RichEdit
 0001:000057E0       RoundRect
 0002:00002480       rover
 0002:00000C2C       RRStyles
 0002:00000BCC       RTFConversionFormat
 0002:00000BE8       RTL
 0002:00000BF8       RTL
 0002:00000BF0       RTL
 0001:00000248       RtlUnwind
 0002:0000002C       runErrMsg
 0001:000026B8       RunErrorAt
 0001:0000ABE0       SafeLoadLibrary
 0001:00006F9C       SameText
 0001:000057E8       SaveDC
 0002:000027D4       Screen
 0002:00002654       ScreenLogPixels
 0001:00005C58       ScreenToClient
 0002:00000678       ScrollBar
 0001:00043D28       ScrollBarVisible
 0001:00005C60       ScrollWindow
 0001:0000103C       SearchSmallBlocks
 0001:000057F0       SelectObject
 0001:000057F8       SelectPalette
 0001:0002AFB8       SendAppMessage
 0001:00005C68       SendDlgItemMessage
 0001:000435B4       SendFocusMessage
 0001:00005C70       SendMessage
 0002:000008E8       Separators
 0001:00005800       SetAbortProc
 0001:00005C78       SetActiveWindow
 0001:0004AA44       SetAnimation
 0001:00005808       SetBkColor
 0001:00005810       SetBkMode
 0001:00005818       SetBrushOrgEx
 0001:00005C80       SetCapture
 0001:0002B24C       SetCaptureControl
 0001:00005C88       SetClassLong
 0001:00054AD0       SetComCtlStyle
 0001:00011040       SetCompName
 0001:00000338       SetCurrentDirectory
 0001:00005C90       SetCursor
 0001:00005820       SetDIBColorTable
 0001:00000250       SetEndOfFile
 0001:000055B8       SetEndOfFile
 0001:00005828       SetEnhMetaFileBits
 0001:000055C0       SetErrorMode
 0001:000055C8       SetEvent
 0001:00002800       SetExceptionHandler
 0001:000055D0       SetFileAttributes
 0001:000055D8       SetFilePointer
 0001:00000258       SetFilePointer
 0001:0000C18C       SetFloatProp
 0001:00005C98       SetFocus
 0001:00005CA0       SetForegroundWindow
 0001:0003834C       SetImeMode
 0001:0000180C       SetInOutRes
 0001:0000C2B0       SetInt64Prop
 0001:00011A98       SetIntIdent
 0001:0000C074       SetLongStrProp
 0001:00005830       SetMapMode
 0001:00005CA8       SetMenu
 0001:00005CB0       SetMenuItemInfo
 0001:0000C278       SetMethodProp
 0001:00011AE0       SetObjectIdent
 0001:0000BF7C       SetOrdProp
 0001:00005838       SetPixel
 0001:000523E0       SetPrinter
 0001:00005CB8       SetProp
 0001:00005CC0       SetRect
 0001:00005840       SetROP2
 0001:00005CC8       SetScrollInfo
 0001:00005CD0       SetScrollPos
 0001:00005CD8       SetScrollRange
 0001:0000BFD8       SetShortStrProp
 0001:0000C02C       SetShortStrPropAsLongStr
 0001:00005848       SetStretchBltMode
 0001:0000C160       SetStrProp
 0001:00005850       SetTextColor
 0001:000055E0       SetThreadLocale
 0001:00005CE0       SetTimer
 0001:0000C238       SetVariantProp
 0001:00005858       SetViewportOrgEx
 0001:0004C744       SetVisible
 0001:0000C0C8       SetWideStrProp
 0001:0000C108       SetWideStrPropAsLongStr
 0001:00005CE8       SetWindowLong
 0001:00005868       SetWindowOrgEx
 0001:00005CF0       SetWindowPlacement
 0001:00005CF8       SetWindowPos
 0001:00005D08       SetWindowsHookEx
 0001:00005D00       SetWindowText
 0001:00005860       SetWinMetaFileBits
 0002:00000140       ShareMode
 0001:0004D120       ShellAPI
 0001:000605D0       ShellExecute
 0001:0004D0E8       ShellExecute
 0002:00002844       ShellModule
 0001:0004D200       ShlObj
 0001:0003BC7C       ShortCut
 0002:000027C4       ShortCutItems
 0001:0003BD08       ShortCutToText
 0002:000024FC       ShortDateFormat
 0002:00002578       ShortDayNames
 0002:00002518       ShortMonthNames
 0002:00002510       ShortTimeFormat
 0002:000009F0       ShowCommands
 0002:000009FC       ShowCommands
 0002:00000A08       ShowCommands
 0001:00005D10       ShowCursor
 0001:0000967C       ShowException
 0002:00000A94       ShowFlags
 0002:000007E8       ShowFlags
 0001:00043354       ShowMDIClientEdge
 0001:00005D18       ShowOwnedPopups
 0001:00005D20       ShowScrollBar
 0001:00005D28       ShowWindow
 0001:0004AA6C       ShowWinNoAnimate
 0002:0000083C       SizeCursors
 0001:000055E8       SizeofResource
 0001:00012560       SkipBinary
 0001:0001250C       SkipBytes
 0001:00012588       SkipCollection
 0001:000124E4       SkipList
 0001:0005C768       SlashSep
 0001:000055F0       Sleep
 0001:0000D5E4       SmallPoint
 0001:00005E0C       SmallPointToPoint
 0002:0000248C       smallTab
 0002:00002B14       smazat
 0002:000006EC       Sorteds
 0002:000006B0       Sorts
 0002:00002454       spaceRoot
 0001:00005870       StartDoc
 0001:00005878       StartPage
 0001:00029034       StdActns
 0001:00028E44       StdCtrls
 0001:000436A4       StdWndProc
 0002:0000265C       StockBrush
 0002:00002660       StockFont
 0002:00002664       StockIcon
 0002:00002658       StockPen
 0001:00007988       StrAlloc
 0001:0000799C       StrBufSize
 0001:0000A00C       StrByteType
 0001:00007894       StrComp
 0001:000077C8       StrCopy
 0001:000079D4       StrDispose
 0001:00057F20       StreamLoad
 0001:00057EC0       StreamSave
 0001:0003A6F0       StreamsEqual
 0001:000077F0       StrECopy
 0001:00007778       StrEnd
 0001:00005880       StretchBlt
 0001:00007E54       StrFmt
 0001:0000FB64       StringListAnsiCompare
 0001:00003844       StringToOleStr
 0001:00040CC8       StripHotkey
 0001:0000781C       StrLCopy
 0001:00007760       StrLen
 0001:00007E88       StrLFmt
 0001:000078B8       StrLIComp
 0001:0000778C       StrMove
 0001:000079A8       StrNew
 0001:00007974       StrPas
 0001:00007850       StrPCopy
 0001:00007874       StrPLCopy
 0001:00007920       StrPos
 0001:00007900       StrScan
 0001:00007254       StrToInt
 0001:00007290       StrToIntDef
 0002:000006E0       Styles
 0002:000009DC       Styles
 0001:00000350       SysAllocStringLen
 0001:0000629C       SysConst
 0002:000009AC       SysConsts
 0002:000009A4       SysConsts
 0001:00008F14       SysErrorMessage
 0001:000012E4       SysFreeMem
 0001:00000360       SysFreeString
 0001:0000115C       SysGetMem
 0001:000053D8       SysInit
 0002:000025B0       SysLocale
 0001:00001658       SysReallocMem
 0001:00000358       SysReAllocStringLen
 0001:00000368       SysStringLen
 0001:00005174       System
 0002:0000264C       SystemPalette16
 0001:00017484       SystemPaletteOverride
 0001:00005D30       SystemParametersInfo
 0001:0000B93C       SysUtils
 0001:00054C08       TabControlError
 0001:0005910C       Tabnotbk
 0002:00000714       TabStops
 0002:00000C20       TabStyles
 0001:00038EF4       TActionLink.IsCaptionLinked
 0001:00038F08       TActionLink.IsCheckedLinked
 0001:00038F1C       TActionLink.IsEnabledLinked
 0001:00038F30       TActionLink.IsHelpContextLinked
 0001:00038F44       TActionLink.IsHintLinked
 0001:00038F58       TActionLink.IsImageIndexLinked
 0001:00038F6C       TActionLink.IsShortCutLinked
 0001:00038F80       TActionLink.IsVisibleLinked
 0001:00038F94       TActionLink.SetCaption
 0001:00038F98       TActionLink.SetChecked
 0001:00038F9C       TActionLink.SetEnabled
 0001:00038FA0       TActionLink.SetHelpContext
 0001:00038FA4       TActionLink.SetHint
 0001:00038FA8       TActionLink.SetImageIndex
 0001:00038FAC       TActionLink.SetShortCut
 0001:00038FB0       TActionLink.SetVisible
 0001:00060230       TALScrollingText.CalcColorIndex
 0001:00060138       TALScrollingText.CMFontChanged
 0001:0005FBBC       TALScrollingText.Create
 0001:0005FCEC       TALScrollingText.Destroy
 0001:0005FE98       TALScrollingText.InvalidateEverything
 0001:0005FD40       TALScrollingText.Loaded
 0001:0005FD7C       TALScrollingText.OnTimer
 0001:0005FDF8       TALScrollingText.Paint
 0001:00060158       TALScrollingText.Resize
 0001:0006016C       TALScrollingText.SetBackgroundColor
 0001:000601C8       TALScrollingText.SetEdgeFadeWidth
 0001:000601DC       TALScrollingText.SetLayout
 0001:00060180       TALScrollingText.SetSpeed
 0001:0006019C       TALScrollingText.SetText
 0001:000601F0       TALScrollingText.SetTextDirection
 0001:0004CBDC       TApplication.ActivateHint
 0001:0004BA08       TApplication.BringToFront
 0001:0004C9FC       TApplication.CancelHint
 0001:0004B0E8       TApplication.CheckIniChange
 0001:0004AEC4       TApplication.ControlDestroyed
 0001:0004AAAC       TApplication.Create
 0001:0004BEA0       TApplication.CreateForm
 0001:0004AD24       TApplication.CreateHandle
 0001:0004AC44       TApplication.Destroy
 0001:0004CF84       TApplication.DispatchAction
 0001:0004C428       TApplication.DoActionIdle
 0001:0004C48C       TApplication.DoMouseIdle
 0001:0004AF94       TApplication.DoNormalizeTopMosts
 0001:0004D014       TApplication.ExecuteAction
 0001:0004B85C       TApplication.GetIconHandle
 0001:0004BA44       TApplication.GetTitle
 0001:0004BFE8       TApplication.HandleException
 0001:0004BD8C       TApplication.HandleMessage
 0001:0004C3E0       TApplication.HelpCommand
 0001:0004C3D4       TApplication.HelpContext
 0001:0004C9C0       TApplication.HideHint
 0001:0004C880       TApplication.HintMouseMessage
 0001:0004C98C       TApplication.HintTimerExpired
 0001:0004BDB0       TApplication.HookMainWindow
 0001:0004C64C       TApplication.IconChanged
 0001:0004C510       TApplication.Idle
 0001:0004BE88       TApplication.Initialize
 0001:0004C2A8       TApplication.InvokeHelp
 0001:0004BB14       TApplication.IsDlgMsg
 0001:0004BC40       TApplication.IsHintMsg
 0001:0004BB88       TApplication.IsKeyMsg
 0001:0004BB38       TApplication.IsMDIMsg
 0001:0004BC70       TApplication.IsShortCut
 0001:0004C078       TApplication.MessageBox
 0001:0004B878       TApplication.Minimize
 0001:0004B044       TApplication.NormalizeAllTopMosts
 0001:0004B03C       TApplication.NormalizeTopMosts
 0001:0004C610       TApplication.NotifyForms
 0001:0004BCDC       TApplication.ProcessMessage
 0001:0004BD74       TApplication.ProcessMessages
 0001:0004B918       TApplication.Restore
 0001:0004B04C       TApplication.RestoreTopMosts
 0001:0004BF20       TApplication.Run
 0001:0004C6B0       TApplication.SetHint
 0001:0004C3E8       TApplication.SetShowHint
 0001:0004BA8C       TApplication.SetTitle
 0001:0004C1D0       TApplication.ShowException
 0001:0004C828       TApplication.StartHintTimer
 0001:0004C860       TApplication.StopHintTimer
 0001:0004BFD4       TApplication.Terminate
 0001:0004BE0C       TApplication.UnhookMainWindow
 0001:0004D03C       TApplication.UpdateAction
 0001:0004C7A0       TApplication.UpdateVisible
 0001:0004B0D0       TApplication.UseRightToLeftAlignment
 0001:0004B0B8       TApplication.UseRightToLeftReading
 0001:0004B1C0       TApplication.WndProc
 0002:00000968       TaskActiveWindow
 0002:00000970       TaskFirstTopMost
 0002:0000096C       TaskFirstWindow
 0002:00000974       TaskWindowList
 0001:0002B624       TBaseDragControlObject.Assign
 0001:0002B600       TBaseDragControlObject.Create
 0001:0002B650       TBaseDragControlObject.EndDrag
 0001:0002B674       TBaseDragControlObject.Finished
 0001:0001351C       TBasicAction.Change
 0001:000133F4       TBasicAction.Create
 0001:00013438       TBasicAction.Destroy
 0001:00013490       TBasicAction.Execute
 0001:00013488       TBasicAction.ExecuteTarget
 0001:00013484       TBasicAction.HandlesTarget
 0001:00013530       TBasicAction.RegisterChanges
 0001:000134C8       TBasicAction.SetOnExecute
 0001:0001353C       TBasicAction.UnRegisterChanges
 0001:000134AC       TBasicAction.Update
 0001:0001348C       TBasicAction.UpdateTarget
 0001:00013350       TBasicActionLink.AssignClient
 0001:00013388       TBasicActionLink.Change
 0001:0001330C       TBasicActionLink.Create
 0001:00013354       TBasicActionLink.Destroy
 0001:000133A0       TBasicActionLink.Execute
 0001:000133DC       TBasicActionLink.IsOnExecuteLinked
 0001:000133B0       TBasicActionLink.SetAction
 0001:000133E0       TBasicActionLink.SetOnExecute
 0001:000133E8       TBasicActionLink.Update
 0001:0004F8A0       TBevel.Create
 0001:0004FA64       TBevel.Paint
 0001:0004F920       TBevel.SetShape
 0001:0004F90C       TBevel.SetStyle
 0001:0005B034       TBitBtn.ActionChange
 0001:0005A970       TBitBtn.Click
 0001:0005AC98       TBitBtn.CMEnabledChanged
 0001:0005AC84       TBitBtn.CMFontChanged
 0001:0005A9EC       TBitBtn.CNDrawItem
 0001:0005A9DC       TBitBtn.CNMeasureItem
 0001:0005A83C       TBitBtn.Create
 0001:0005A920       TBitBtn.CreateHandle
 0001:0005A94C       TBitBtn.CreateParams
 0001:0005A8E4       TBitBtn.Destroy
 0001:0005A9F8       TBitBtn.DrawItem
 0001:0005ACF4       TBitBtn.GetGlyph
 0001:0005AEBC       TBitBtn.GetKind
 0001:0005AF3C       TBitBtn.GetNumGlyphs
 0001:0005ACC0       TBitBtn.GetPalette
 0001:0005AD00       TBitBtn.GlyphChanged
 0001:0005AD08       TBitBtn.IsCustom
 0001:0005AE40       TBitBtn.IsCustomCaption
 0001:0005A95C       TBitBtn.SetButtonStyle
 0001:0005ACD4       TBitBtn.SetGlyph
 0001:0005AD30       TBitBtn.SetKind
 0001:0005AF28       TBitBtn.SetLayout
 0001:0005AF88       TBitBtn.SetMargin
 0001:0005AF48       TBitBtn.SetNumGlyphs
 0001:0005AF74       TBitBtn.SetSpacing
 0001:0005AD1C       TBitBtn.SetStyle
 0001:0005ACAC       TBitBtn.WMLButtonDblClk
 0001:0001AA6C       TBitmap.Assign
 0001:0001AC40       TBitmap.Changed
 0001:0001AC1C       TBitmap.Changing
 0001:0001AB5C       TBitmap.CopyImage
 0001:0001A9C8       TBitmap.Create
 0001:0001AA30       TBitmap.Destroy
 0001:0001B154       TBitmap.DIBNeeded
 0001:0001AC4C       TBitmap.Dormant
 0001:0001AC68       TBitmap.Draw
 0001:0001B1C8       TBitmap.FreeContext
 0001:0001AEB8       TBitmap.FreeImage
 0001:0001AF34       TBitmap.GetCanvas
 0001:0001AF1C       TBitmap.GetEmpty
 0001:0001AF74       TBitmap.GetHandle
 0001:0001AF98       TBitmap.GetHandleType
 0001:0001AFC4       TBitmap.GetHeight
 0001:0001AFD4       TBitmap.GetMaskHandle
 0001:0001AFE8       TBitmap.GetMonochrome
 0001:0001B004       TBitmap.GetPalette
 0001:0001B018       TBitmap.GetPixelFormat
 0001:0001B09C       TBitmap.GetScanline
 0001:0001B104       TBitmap.GetTransparentColor
 0001:0001B14C       TBitmap.GetWidth
 0001:0001B1D8       TBitmap.HandleNeeded
 0001:0001B3E0       TBitmap.LoadFromClipboardFormat
 0001:0001B488       TBitmap.LoadFromResourceName
 0001:0001B464       TBitmap.LoadFromStream
 0001:0001B1E8       TBitmap.Mask
 0001:0001B2C8       TBitmap.MaskHandleNeeded
 0001:0001B4E8       TBitmap.NewImage
 0001:0001B328       TBitmap.PaletteNeeded
 0001:0001B5E8       TBitmap.ReadData
 0001:0001B610       TBitmap.ReadDIB
 0001:0001BB24       TBitmap.ReadStream
 0001:0001C428       TBitmap.SaveToClipboardFormat
 0001:0001C420       TBitmap.SaveToStream
 0001:0001BB94       TBitmap.SetHandle
 0001:0001BC58       TBitmap.SetHandleType
 0001:0001BD90       TBitmap.SetHeight
 0001:0001BDE4       TBitmap.SetMonochrome
 0001:0001BE64       TBitmap.SetPalette
 0001:0001BF38       TBitmap.SetPixelFormat
 0001:0001C0A0       TBitmap.SetTransparentColor
 0001:0001C0F0       TBitmap.SetWidth
 0001:0001C144       TBitmap.WriteData
 0001:0001C14C       TBitmap.WriteStream
[...]
 0001:00075F64       TFormhledani.Edit1Change
 0001:00075F74       TFormhledani.BitBtn3Click
 0001:0007614C       TFormhledani.Edit1Click
 0001:00076158       TFormhledani.FormCreate
 0001:000762E0       Finalization
 0001:00076310       Unit6
 0001:000765B4       TFormaktual.Button2Click
 0001:000765BC       TFormaktual.DirectoryListBox1Change
 0001:00076940       TFormaktual.FormActivate
 0001:00076998       TFormaktual.DriveComboBox1Change
 0001:00076A94       TFormaktual.BitBtn1Click
 0001:00077544       TFormaktual.FormCreate
 0001:00077658       Finalization
 0001:00077688       Unit4
 0001:00077880       TFormlicence.FormCreate
 0001:000779E0       TFormlicence.HarmFade2Click
 0001:000779E8       Finalization
 0001:00077A18       Unit3
 0001:00077D5C       TFormdotaz.BitBtn1Click
 0001:00077DCC       TFormdotaz.BitBtn2Click
 0001:00077F0C       TFormdotaz.zkoprich
 0001:00078368       TFormdotaz.FormCreate
 0001:000788F4       Finalization
 0001:00078924       Unit7
 0001:00078B44       TFormfiltr.Edit1KeyPress
 0001:00078D20       TFormfiltr.FormActivate
 0001:00078D44       TFormfiltr.BitBtn1Click
 0001:00078E44       TFormfiltr.Edit1Click
 0001:00078E50       TFormfiltr.FormCreate
 0001:00078F70       Finalization
 0001:00078FA0       Unit8
 0001:00079170       TFormslovnik.BitBtn1Click
 0001:00079178       TFormslovnik.FormCreate
 0001:00079270       Finalization
 0001:000792A0       Unit9
 0001:0007946C       Tformwww.FormCreate
 0001:00079558       Tformwww.BitBtn1Click
 0001:00079560       Finalization
 0001:00079590       Unit10
 0001:0007977C       TFormHEX.FormCreate
 0001:00079888       TFormHEX.BitBtn1Click
 0001:00079890       TFormHEX.BitBtn2Click
 0001:000798F8       Finalization
 0001:00079928       Unit11
 0001:00079B1C       TFormproblem.BitBtn1Click
 0001:00079B24       TFormproblem.BitBtn2Click
 0001:00079B8C       TFormproblem.FormCreate
 0001:00079CA4       Finalization
 0001:00079CD4       Unit12
 0001:00079CDC       Finalization
 0001:00079D0C       TrMemo
 0001:00079EE0       TFormdefinice.BitBtn1Click
 0001:00079EE8       TFormdefinice.FormCreate
 0001:00079FD0       Finalization
 0001:0007A000       Unit13
 0001:0007A2B8       TFormsajty.FormCreate
 0001:0007A44C       TFormsajty.BitBtn1Click
 0001:0007A454       TFormsajty.Image2Click
 0001:0007A484       TFormsajty.Image3Click
 0001:0007A4B4       TFormsajty.Image1Click
 0001:0007A4E4       TFormsajty.Image4Click
 0001:0007A514       Finalization
 0001:0007A544       Unit14
 0001:0007A738       TFormpoznamky.FormCreate
 0001:0007A8A4       TFormpoznamky.BitBtn2Click
 0001:0007A9A4       TFormpoznamky.BitBtn3Click
 0001:0007A9AC       Finalization
 0001:0007A9F0       Unit15
 0001:0007B20C       TForm1.ListBox2Click
 0001:0007C10C       TForm1.Konec1Click
 0001:0007C198       TForm1.FormCreate
 0001:0007E06C       TForm1.ListBox1Click
 0001:0007E2C0       TForm1.Edit1Change
 0001:0007E7FC       TForm1.Tisk1Click
 0001:0007E8FC       TForm1.RadioButton2Click
 0001:0007EAA8       TForm1.RadioButton1Click
 0001:0007EC54       TForm1.FormResize
 0001:0007EED8       TForm1.Edit1Click
 0001:0007EEE4       TForm1.Oprogramu1Click
 0001:0007EF0C       TForm1.Cheater1Click
 0001:0007EF20       TForm1.Aktualizace1Click
 0001:0007EF48       TForm1.Edit1KeyPress
 0001:0007F124       TForm1.Registrace1Click
 0001:0007F14C       TForm1.SpeedButton2Click
 0001:0007F154       TForm1.SpeedButton3Click
 0001:0007F15C       TForm1.Skiny1Click
 0001:0007FC78       TForm1.FullTexthledn1Click
 0001:0007FCA0       TForm1.FormActivate
 0001:0008053C       TForm1.Dotaznk1Click
 0001:00080564       TForm1.Licence1Click
 0001:00080808       TForm1.Psmo1Click
 0001:00080830       TForm1.Edit1KeyDown
 0001:00080938       TForm1.Label2Click
 0001:00080958       TForm1.BitBtn1Click
 0001:000809C0       TForm1.BitBtn2Click
 0001:00080A28       TForm1.FullTexthlednceldatabze1Click
 0001:00080A38       TForm1.Filtr1Click
 0001:00080A60       TForm1.Slovnk1Click
 0001:00080A88       TForm1.Odkazy1Click
 0001:00080AB0       TForm1.HEXEditace1Click
 0001:00080AD8       TForm1.Rady1Click
 0001:00080B00       TForm1.Definicecheat1Click
 0001:00080B28       TForm1.Spoluprce1Click
 0001:00080B50       TForm1.Poznmky1Click
 0001:00080B78       TForm1.FormDestroy
 0001:00080BA4       TForm1.esky1Click
 0001:00080E1C       TForm1.Slovensky1Click
 0001:0008109C       TForm1.JazykSlov
 0001:0008136C       Finalization
 0001:00081440       Unit1
 0001:00081448       Finalization
 0001:000816B0       Cheater
 0002:00000000       Default8087CW
 0002:00000004       HeapAllocFlags
 0002:00000008       DebugHook
 0002:0000000C       JITEnable
 0002:00000010       NoErrMsg
 0002:00000014       LibModuleList
 0002:00000018       ModuleUnloadList
 0002:0000001C       MemoryManager
 0002:00000028       cwChop
 0002:0000002C       runErrMsg
 0002:0000004C       errCaption
 0002:00000054       dig
 0002:00000064       .
 0002:000000A8       Module
 0002:000000C0       EmptyStr
 0002:000000C4       Win32Platform
 0002:000000C8       Win32MajorVersion
 0002:000000CC       Win32MinorVersion
 0002:000000D0       Win32BuildNumber
 0002:000000D4       Win32CSDVersion
 0002:000000D8       MonthDays
 0002:00000108       LeadBytes
 0002:00000128       HexDisplayPrefix
 0002:0000012C       GetDiskFreeSpaceEx
 0002:00000130       ExitProcList
 0002:00000134       AccessMode
 0002:00000140       ShareMode
 0002:00000154       FormatErrorStrs
 0002:0000015C       FMSecsPerDay
 0002:00000160       IMSecsPerDay
 0002:00000164       Format
 0002:00000168       DefShortMonthNames
 0002:00000198       DefLongMonthNames
 0002:000001C8       DefShortDayNames
 0002:000001E4       DefLongDayNames
 0002:00000200       ErrorMap
 0002:00000238       ExceptMap
 0002:000002E8       TerminateProcList
 0002:000002EC       BooleanIdents
 0002:000002F4       DotSep
 0002:000002F8       C10000
 0002:000002FC       FilerSignature
 0002:00000300       NilMethod
 0002:00000308       ValTtoVarT
 0002:00000358       DefFontData
 0002:00000384       DDBsOnly
 0002:00000388       Colors
 0002:000004D8       FontCharsets
 0002:00000568       DefPenData
 0002:00000578       PenStyles
 0002:00000588       DefBrushData
 0002:00000598       PenModes
 0002:000005B8       ClipboardFormats
 0002:000005BC       FileFormats
 0002:000005C0       BitmapCanvasList
 0002:000005C4       DIBPalSizes
 0002:000005C8       BitCounts
 0002:000005D0       PalSize
 0002:000005D4       Pal16
 0002:00000614       FPrinter
 0002:00000618       BorderStyles
 0002:00000620       Alignments
 0002:00000628       WordWraps
 0002:0000062C       WordWraps
 0002:00000630       Passwords
 0002:00000638       ReadOnlys
 0002:00000640       CharCases
 0002:0000064C       HideSelections
 0002:00000654       OEMConverts
 0002:0000065C       Empty
 0002:00000660       Alignments
 0002:00000678       ScrollBar
 0002:00000688       WordWraps
 0002:00000690       ComboBoxStyles
 0002:000006A4       CharCases
 0002:000006B0       Sorts
 0002:000006B8       ButtonStyles
 0002:000006C0       Alignments
 0002:000006D0       Alignments
 0002:000006E0       Styles
 0002:000006EC       Sorteds
 0002:000006F4       MultiSelects
 0002:000006FC       ExtendSelects
 0002:00000704       IntegralHeights
 0002:0000070C       MultiColumns
 0002:00000714       TabStops
 0002:0000071C       CSHREDRAW
 0002:00000724       CreationControl
 0002:00000728       DefaultDockTreeClass
 0002:0000072C       AnchorAlign
 0002:00000734       Cursors
 0002:000007E4       CaptureControl
 0002:000007E8       ShowFlags
 0002:000007EC       WindowPos
 0002:000007F0       InnerStyles
 0002:00000800       OuterStyles
 0002:00000810       EdgeStyles
 0002:00000820       Ctl3DStyles
 0002:00000828       OrientArray
 0002:00000830       MakeLast
 0002:00000838       TreeStreamEndFlag
 0002:0000083C       SizeCursors
 0002:00000844       IMM32DLL
 0002:00000848       ModeMap
 0002:00000850       Mask
 0002:00000858       DrawingStyles
 0002:00000868       Images
 0002:00000870       ValidMenuHotkeys
 0002:00000874       cMenuAutoFlagToItem
 0002:00000878       cItemAutoFlagToMenu
 0002:0000087C       cBooleanToItemAutoFlag
 0002:00000880       cItemAutoFlagToBoolean
 0002:00000884       MenuKeyCaps
 0002:000008CC       Checks
 0002:000008D4       Enables
 0002:000008DC       Breaks
 0002:000008E8       Separators
 0002:000008F0       IBreaks
 0002:000008FC       IChecks
 0002:00000904       IDefaults
 0002:0000090C       IEnables
 0002:00000914       IRadios
 0002:0000091C       ISeparators
 0002:00000924       IRTL
 0002:0000092C       IOwnerDraw
 0002:00000934       Alignments
 0002:0000093C       EdgeStyle
 0002:00000944       Alignments
 0002:0000094C       Flags
 0002:00000958       Buttons
 0002:0000095C       HintWindowClass
 0002:00000960       FocusMessages
 0002:00000964       FocusCount
 0002:00000968       TaskActiveWindow
 0002:0000096C       TaskFirstWindow
 0002:00000970       TaskFirstTopMost
 0002:00000974       TaskWindowList
 0002:00000978       BlockCode
 0002:0000097C       UtilWindowClass
 0002:000009A4       SysConsts
 0002:000009AC       SysConsts
 0002:000009B4       Props
 0002:000009DC       Styles
 0002:000009E8       BorderStyles
 0002:000009F0       ShowCommands
 0002:000009FC       ShowCommands
 0002:00000A08       ShowCommands
 0002:00000A14       CursorMap
 0002:00000A68       WindowClass
 0002:00000A90       AppVisible
 0002:00000A94       ShowFlags
 0002:00000A98       BorderStyles
 0002:00000AA0       Alignments
 0002:00000AAC       ForceCurrentDirectory
 0002:00000AB0       CreationControl
 0002:00000AB4       WndProcPtrAtom
 0002:00000AB8       OpenOptions
 0002:00000B08       FontOptions
 0002:00000B48       Devices
 0002:00000B54       PrintRanges
 0002:00000B60       Captions
 0002:00000B74       ButtonNames
 0002:00000BA0       ButtonCaptions
 0002:00000BCC       RTFConversionFormat
 0002:00000BD8       TextConversionFormat
 0002:00000BE4       ConversionFormatList
 0002:00000BE8       RTL
 0002:00000BF0       RTL
 0002:00000BF8       RTL
 0002:00000C00       AlignStyles
 0002:00000C20       TabStyles
 0002:00000C2C       RRStyles
 0002:00000C34       Empty
 0002:00000C38       HideScrollBars
 0002:00000C40       HideSelections
 0002:00000C48       Painting
 0002:00000C4C       BitBtnResNames
 0002:00000C78       BitBtnCaptions
 0002:00000CA4       BitBtnModalResults
 0002:00000CD0       GlyphCache
 0002:00000CD4       Attributes
 0002:00000CE4       JPEGDefaults
 0002:00000CEC       jpeg_std_error
 0002:00000D60       .
 0002:00000D70       .
 0002:00000DF0       .
 0002:00000E70       .
 0002:00000F7C       .
 0002:0000103C       _jpeg_natural_order
 0002:0000117C       .
 0002:0000151C       .
 0002:00002000       ExceptProc
 0002:00002004       ErrorProc
 0002:00002008       ExceptClsProc
 0002:0000200C       ExceptObjProc
 0002:00002010       ExceptionClass
 0002:00002014       AssertErrorProc
 0002:00002018       AbstractErrorProc
 0002:0000201C       MainInstance
 0002:00002020       MainThreadID
 0002:00002024       IsLibrary
 0002:00002028       CmdShow
 0002:0000202C       CmdLine
 0002:00002030       InitProc
 0002:00002034       ExitCode
 0002:00002038       ExitProc
 0002:0000203C       ErrorAddr
 0002:00002040       RandSeed
 0002:00002044       IsConsole
 0002:00002045       IsMultiThread
 0002:00002046       FileMode
 0002:00002047       Test8086
 0002:00002048       Test8087
 0002:0000204C       Input
 0002:00002218       Output
 0002:000023E4       ClearAnyProc
 0002:000023E8       ChangeAnyProc
 0002:000023EC       RefAnyProc
 0002:000023F0       Unassigned
 0002:00002400       Null
 0002:00002410       EmptyParam
 0002:00002420       AllocMemCount
 0002:00002424       AllocMemSize
 0002:00002428       .3
 0002:0000242C       initialized
 0002:00002430       heapErrorCode
 0002:00002434       heapLock
 0002:0000244C       blockDescBlockList
 0002:00002450       blockDescFreeList
 0002:00002454       spaceRoot
 0002:00002464       decommittedRoot
 0002:00002474       avail
 0002:00002480       rover
 0002:00002484       remBytes
 0002:00002488       curAlloc
 0002:0000248C       smallTab
 0002:00002490       committedRoot
 0002:000024A0       InitContext
 0002:000024CC       ModuleIsLib
 0002:000024CD       ModuleIsCpp
 0002:000024D0       TlsIndex
 0002:000024D8       HInstance
 0002:000024DC       .1
 0002:000024E0       TlsBuffer
 0002:000024E4       .3
 0002:000024E8       .1
 0002:000024EC       .1
 0002:000024F0       CurrencyString
 0002:000024F4       CurrencyFormat
 0002:000024F5       NegCurrFormat
 0002:000024F6       ThousandSeparator
 0002:000024F7       DecimalSeparator
 0002:000024F8       CurrencyDecimals
 0002:000024F9       DateSeparator
 0002:000024FC       ShortDateFormat
 0002:00002500       LongDateFormat
 0002:00002504       TimeSeparator
 0002:00002508       TimeAMString
 0002:0000250C       TimePMString
 0002:00002510       ShortTimeFormat
 0002:00002514       LongTimeFormat
 0002:00002518       ShortMonthNames
 0002:00002548       LongMonthNames
 0002:00002578       ShortDayNames
 0002:00002594       LongDayNames
 0002:000025B0       SysLocale
 0002:000025BC       EraNames
 0002:000025D8       EraYearOffsets
 0002:000025F4       ListSeparator
 0002:000025F8       .44
 0002:000025FC       OutOfMemory
 0002:00002600       InvalidPointer
 0002:00002604       FLanguages
 0002:00002608       .3
 0002:0000260C       .1
 0002:00002610       .5
 0002:00002614       GlobalNameSpace
 0002:00002618       FindGlobalComponent
 0002:0000261C       .84
 0002:00002620       ClassList
 0002:00002624       ClassAliasList
 0002:00002628       IntConstList
 0002:0000262C       GlobalFixupList
 0002:00002630       ThreadLock
 0002:00002648       ThreadWindow
 0002:0000264C       SystemPalette16
 0002:00002650       .81
 0002:00002654       ScreenLogPixels
 0002:00002658       StockPen
 0002:0000265C       StockBrush
 0002:00002660       StockFont
 0002:00002664       StockIcon
 0002:00002668       BitmapImageLock
 0002:00002680       CounterLock
 0002:00002698       FontManager
 0002:0000269C       PenManager
 0002:000026A0       BrushManager
 0002:000026A4       CanvasList
 0002:000026A8       PatternManager
 0002:000026AC       .9
 0002:000026B0       .1
 0002:000026B4       ComCtl32DLL
 0002:000026B8       _InitCommonControlsEx
 0002:000026BC       GetSystemMetrics
 0002:000026C0       MonitorFromWindow
 0002:000026C4       MonitorFromRect
 0002:000026C8       MonitorFromPoint
 0002:000026CC       GetMonitorInfoA
 0002:000026D0       GetMonitorInfoW
 0002:000026D4       GetMonitorInfo
 0002:000026D8       EnumDisplayMonitors
 0002:000026DC       .1
 0002:000026E0       User32Dll
 0002:000026E4       InitApis
 0002:000026EC       MMAvailable
 0002:000026F0       .1
 0002:000026F4       .2
 0002:000026F8       .3
 0002:000026FC       .3
 0002:00002700       FlatSB_EnableScrollBar
 0002:00002704       FlatSB_ShowScrollBar
 0002:00002708       FlatSB_GetScrollRange
 0002:0000270C       FlatSB_GetScrollInfo
 0002:00002710       FlatSB_GetScrollPos
 0002:00002714       FlatSB_SetScrollPos
 0002:00002718       FlatSB_SetScrollInfo
 0002:0000271C       FlatSB_SetScrollRange
 0002:00002720       .1
 0002:00002724       _FlatSB_GetScrollProp
 0002:00002728       _FlatSB_SetScrollProp
 0002:0000272C       _InitializeFlatSB
 0002:00002730       _UninitializeFlatSB
 0002:00002734       .22
 0002:00002738       CF_PICTURE
 0002:0000273A       CF_COMPONENT
 0002:0000273C       .2
 0002:00002740       FClipboard
 0002:00002744       .02
 0002:00002748       Mouse
 0002:0000274C       NewStyleControls
 0002:00002750       .22
 0002:00002754       WindowAtom
 0002:00002756       ControlAtom
 0002:00002758       DragControl
 0002:0000275C       DragObject
 0002:00002760       DragFreeObject
 0002:00002764       DragCapture
 0002:00002768       DragStartPos
 0002:00002770       DragSaveCursor
 0002:00002774       DragThreshold
 0002:00002778       ActiveDrag
 0002:0000277C       DragImageList
 0002:00002780       DockSiteList
 0002:00002784       QualifyingSites
 0002:00002788       CanvasList
 0002:0000278C       _WINNLSEnableIME
 0002:00002790       _ImmGetContext
 0002:00002794       _ImmReleaseContext
 0002:00002798       _ImmGetConversionStatus
 0002:0000279C       _ImmSetConversionStatus
 0002:000027A0       _ImmSetOpenStatus
 0002:000027A4       _ImmSetCompositionWindow
 0002:000027A8       _ImmSetCompositionFont
 0002:000027AC       _ImmGetCompositionString
 0002:000027B0       _ImmIsIME
 0002:000027B4       _ImmNotifyIME
 0002:000027B8       .7
 0002:000027BC       .3
 0002:000027C0       PopupList
 0002:000027C4       ShortCutItems
 0002:000027C8       .9
 0002:000027CC       CommandPool
 0002:000027D0       Application
 0002:000027D4       Screen
 0002:000027D8       .51
 0002:000027DC       InstBlockList
 0002:000027E0       InstFreeList
 0002:000027E4       HintThreadID
 0002:000027E8       HintDoneEvent
 0002:000027EC       HintHook
 0002:000027F0       HintThread
 0002:000027F4       .1
 0002:000027F8       .1
 0002:000027FC       .1
 0002:00002800       .1
 0002:00002804       .1
 0002:00002808       .1
 0002:0000280C       .61
 0002:00002810       .1
 0002:00002814       .01
 0002:00002818       HelpMsg
 0002:0000281C       FindMsg
 0002:00002820       FontDialog
 0002:00002824       .6
 0002:00002828       .9
 0002:0000282C       .6
 0002:00002830       .2
 0002:00002834       .1
 0002:00002838       .4
 0002:0000283C       .1
 0002:00002840       .45
 0002:00002844       ShellModule
 0002:00002848       FRichEditModule
 0002:0000284C       .3
 0002:00002850       .3
 0002:00002854       BitBtnGlyphs
 0002:00002880       .5
 0002:00002888       .2
 0002:0000288C       .2
 0002:00002890       .2
 0002:00002894       BitBtnGlyphs
 0002:000028C0       .1
 0002:000028C4       .3
 0002:000028C8       .3
 0002:000028CC       Formabout
 0002:000028D0       XXXX
 0002:00002A9C       .2
 0002:00002AA0       Formregistrace
 0002:00002AA4       .2
 0002:00002AA8       Formhledani
 0002:00002AAC       jo
 0002:00002AB0       hledat
 0002:00002AB4       .2
 0002:00002AB8       Formaktual
 0002:00002ABC       .2
 0002:00002AC0       Formlicence
 0002:00002AC4       .2
 0002:00002AC8       Formdotaz
 0002:00002ACC       .2
 0002:00002AD0       Formfiltr
 0002:00002AD4       .2
 0002:00002AD8       Formslovnik
 0002:00002ADC       .2
 0002:00002AE0       formwww
 0002:00002AE4       .2
 0002:00002AE8       FormHEX
 0002:00002AEC       .2
 0002:00002AF0       Formproblem
 0002:00002AF4       .2
 0002:00002AFC       Formdefinice
 0002:00002B00       .2
 0002:00002B04       Formsajty
 0002:00002B08       .2
 0002:00002B0C       Formpoznamky
 0002:00002B10       pridat
 0002:00002B14       smazat
 0002:00002B18       .2
 0002:00002B1C       Form1
 0002:00002B20       filtr
 0002:00002B24       jazyk
 0002:00002B28       ChData
 0002:00002B2C       AktStr
 0002:00002B30       NStr
 0002:00002B34       ChStr
 0002:00002B38       OKcudl
 0002:00002B3C       CANCELcudl
 0002:00002B40       ANOcudl
 0002:00002B44       NEcudl
 0002:00002B48       TISKcudl
 0002:00002B4C       ULOZITcudl
 0002:00002B50       OKGLYPHcudl
 0002:00002B54       NAJITcudl
 0002:00002B58       CANCELcudlSK
 0002:00002B5C       ANOcudlSK
 0002:00002B60       NEcudlSK
 0002:00002B64       TISKcudlSK
 0002:00002B68       ULOZITcudlSK
 0002:00002B6C       NAJITcudlSK
 0002:00002B70       .2

Bound resource files

d:\programy\borland\delphi5\Lib\CONTROLS.RES
d:\programy\borland\delphi5\Lib\OUTLINE.RES
d:\programy\borland\delphi5\Lib\BUTTONS.RES
d:\programy\borland\delphi5\Lib\FileCtrl.RES
d:\programy\borland\delphi5\Imports\ButtonWithColor.RES
Unit2.DFM
Unit5.DFM
Unit6.DFM
Unit4.DFM
Unit3.DFM
Unit7.DFM
Unit8.DFM
Unit9.DFM
Unit10.DFM
Unit11.DFM
Unit12.DFM
Unit13.DFM
Unit14.DFM
Unit15.DFM
obrazky.res
Unit1.DFM
Cheater.RES
Cheater.drf


Program entry point at 0001:000816B0
